---
http_interactions:
- request:
    method: post
    uri: https://api.stripe.com/v1/customers
    body:
      encoding: US-ASCII
      string: card[number]=4000000000000341&card[exp_month]=12&card[exp_year]=30&card[cvc]=222&metadata[country_code]=NL&metadata[vat_registered]=false&metadata[other]=random
    headers:
      Accept:
      - "*/*; q=0.5, application/xml"
      Accept-Encoding:
      - gzip, deflate
      User-Agent:
      - Stripe/v1 RubyBindings/1.14.0
      Authorization:
      - "<AUTH>"
      Content-Type:
      - application/x-www-form-urlencoded
      Stripe-Version:
      - '2015-10-16'
      X-Stripe-Client-User-Agent:
      - '{"bindings_version":"1.14.0","lang":"ruby","lang_version":"2.2.3 p173 (2015-08-18)","platform":"x86_64-darwin14","publisher":"stripe","uname":"Darwin
        Mattiass-MacBook-Pro.local 14.1.1 Darwin Kernel Version 14.1.1: Fri Feb  6
        21:06:10 PST 2015; root:xnu-2782.15.4~1/RELEASE_X86_64 x86_64"}'
      Content-Length:
      - '160'
  response:
    status:
      code: 200
      message: OK
    headers:
      Server:
      - nginx
      Date:
      - Wed, 20 Jan 2016 17:31:01 GMT
      Content-Type:
      - application/json
      Content-Length:
      - '1462'
      Connection:
      - keep-alive
      Access-Control-Allow-Credentials:
      - 'true'
      Access-Control-Allow-Methods:
      - GET, POST, HEAD, OPTIONS, DELETE
      Access-Control-Allow-Origin:
      - "*"
      Access-Control-Max-Age:
      - '300'
      Cache-Control:
      - no-cache, no-store
      Request-Id:
      - req_7kvecqHxmNiNyR
      Stripe-Version:
      - '2015-10-16'
      Strict-Transport-Security:
      - max-age=31556926; includeSubDomains
    body:
      encoding: UTF-8
      string: |
        {
          "id": "cus_7kveKfBbTMLgzB",
          "object": "customer",
          "account_balance": 0,
          "created": 1453311061,
          "currency": null,
          "default_source": "card_17VPnN2nHroS7mLXugNUvgIv",
          "delinquent": false,
          "description": null,
          "discount": null,
          "email": null,
          "livemode": false,
          "metadata": {
            "country_code": "NL",
            "vat_registered": "false",
            "other": "random"
          },
          "shipping": null,
          "sources": {
            "object": "list",
            "data": [
              {
                "id": "card_17VPnN2nHroS7mLXugNUvgIv",
                "object": "card",
                "address_city": null,
                "address_country": null,
                "address_line1": null,
                "address_line1_check": null,
                "address_line2": null,
                "address_state": null,
                "address_zip": null,
                "address_zip_check": null,
                "brand": "Visa",
                "country": "US",
                "customer": "cus_7kveKfBbTMLgzB",
                "cvc_check": "pass",
                "dynamic_last4": null,
                "exp_month": 12,
                "exp_year": 2030,
                "fingerprint": "IDAB30OROLu15oJa",
                "funding": "credit",
                "last4": "0341",
                "metadata": {},
                "name": null,
                "tokenization_method": null
              }
            ],
            "has_more": false,
            "total_count": 1,
            "url": "/v1/customers/cus_7kveKfBbTMLgzB/sources"
          },
          "subscriptions": {
            "object": "list",
            "data": [],
            "has_more": false,
            "total_count": 0,
            "url": "/v1/customers/cus_7kveKfBbTMLgzB/subscriptions"
          }
        }
    http_version: 
  recorded_at: Wed, 20 Jan 2016 17:31:04 GMT
- request:
    method: get
    uri: https://api.stripe.com/v1/plans/test
    body:
      encoding: US-ASCII
      string: ''
    headers:
      Accept:
      - "*/*; q=0.5, application/xml"
      Accept-Encoding:
      - gzip, deflate
      User-Agent:
      - Stripe/v1 RubyBindings/1.14.0
      Authorization:
      - "<AUTH>"
      Content-Type:
      - application/x-www-form-urlencoded
      Stripe-Version:
      - '2015-10-16'
      X-Stripe-Client-User-Agent:
      - '{"bindings_version":"1.14.0","lang":"ruby","lang_version":"2.2.3 p173 (2015-08-18)","platform":"x86_64-darwin14","publisher":"stripe","uname":"Darwin
        Mattiass-MacBook-Pro.local 14.1.1 Darwin Kernel Version 14.1.1: Fri Feb  6
        21:06:10 PST 2015; root:xnu-2782.15.4~1/RELEASE_X86_64 x86_64"}'
  response:
    status:
      code: 200
      message: OK
    headers:
      Server:
      - nginx
      Date:
      - Wed, 20 Jan 2016 17:31:02 GMT
      Content-Type:
      - application/json
      Content-Length:
      - '272'
      Connection:
      - keep-alive
      Access-Control-Allow-Credentials:
      - 'true'
      Access-Control-Allow-Methods:
      - GET, POST, HEAD, OPTIONS, DELETE
      Access-Control-Allow-Origin:
      - "*"
      Access-Control-Max-Age:
      - '300'
      Cache-Control:
      - no-cache, no-store
      Request-Id:
      - req_7kvemG8Fi4r4Qj
      Stripe-Version:
      - '2015-10-16'
      Strict-Transport-Security:
      - max-age=31556926; includeSubDomains
    body:
      encoding: UTF-8
      string: |
        {
          "id": "test",
          "object": "plan",
          "amount": 1499,
          "created": 1406556583,
          "currency": "usd",
          "interval": "month",
          "interval_count": 1,
          "livemode": false,
          "metadata": {},
          "name": "Test Plan",
          "statement_descriptor": null,
          "trial_period_days": null
        }
    http_version: 
  recorded_at: Wed, 20 Jan 2016 17:31:05 GMT
- request:
    method: get
    uri: https://api.stripe.com/v1/customers/cus_7kveKfBbTMLgzB
    body:
      encoding: US-ASCII
      string: ''
    headers:
      Accept:
      - "*/*; q=0.5, application/xml"
      Accept-Encoding:
      - gzip, deflate
      User-Agent:
      - Stripe/v1 RubyBindings/1.14.0
      Authorization:
      - "<AUTH>"
      Content-Type:
      - application/x-www-form-urlencoded
      Stripe-Version:
      - '2015-10-16'
      X-Stripe-Client-User-Agent:
      - '{"bindings_version":"1.14.0","lang":"ruby","lang_version":"2.2.3 p173 (2015-08-18)","platform":"x86_64-darwin14","publisher":"stripe","uname":"Darwin
        Mattiass-MacBook-Pro.local 14.1.1 Darwin Kernel Version 14.1.1: Fri Feb  6
        21:06:10 PST 2015; root:xnu-2782.15.4~1/RELEASE_X86_64 x86_64"}'
  response:
    status:
      code: 200
      message: OK
    headers:
      Server:
      - nginx
      Date:
      - Wed, 20 Jan 2016 17:31:03 GMT
      Content-Type:
      - application/json
      Content-Length:
      - '1462'
      Connection:
      - keep-alive
      Access-Control-Allow-Credentials:
      - 'true'
      Access-Control-Allow-Methods:
      - GET, POST, HEAD, OPTIONS, DELETE
      Access-Control-Allow-Origin:
      - "*"
      Access-Control-Max-Age:
      - '300'
      Cache-Control:
      - no-cache, no-store
      Request-Id:
      - req_7kveZyZNEZ6vHM
      Stripe-Version:
      - '2015-10-16'
      Strict-Transport-Security:
      - max-age=31556926; includeSubDomains
    body:
      encoding: UTF-8
      string: |
        {
          "id": "cus_7kveKfBbTMLgzB",
          "object": "customer",
          "account_balance": 0,
          "created": 1453311061,
          "currency": null,
          "default_source": "card_17VPnN2nHroS7mLXugNUvgIv",
          "delinquent": false,
          "description": null,
          "discount": null,
          "email": null,
          "livemode": false,
          "metadata": {
            "country_code": "NL",
            "vat_registered": "false",
            "other": "random"
          },
          "shipping": null,
          "sources": {
            "object": "list",
            "data": [
              {
                "id": "card_17VPnN2nHroS7mLXugNUvgIv",
                "object": "card",
                "address_city": null,
                "address_country": null,
                "address_line1": null,
                "address_line1_check": null,
                "address_line2": null,
                "address_state": null,
                "address_zip": null,
                "address_zip_check": null,
                "brand": "Visa",
                "country": "US",
                "customer": "cus_7kveKfBbTMLgzB",
                "cvc_check": "pass",
                "dynamic_last4": null,
                "exp_month": 12,
                "exp_year": 2030,
                "fingerprint": "IDAB30OROLu15oJa",
                "funding": "credit",
                "last4": "0341",
                "metadata": {},
                "name": null,
                "tokenization_method": null
              }
            ],
            "has_more": false,
            "total_count": 1,
            "url": "/v1/customers/cus_7kveKfBbTMLgzB/sources"
          },
          "subscriptions": {
            "object": "list",
            "data": [],
            "has_more": false,
            "total_count": 0,
            "url": "/v1/customers/cus_7kveKfBbTMLgzB/subscriptions"
          }
        }
    http_version: 
  recorded_at: Wed, 20 Jan 2016 17:31:05 GMT
- request:
    method: post
    uri: https://api.stripe.com/v1/customers/cus_7kveKfBbTMLgzB/subscriptions
    body:
      encoding: US-ASCII
      string: tax_percent=21&plan=test
    headers:
      Accept:
      - "*/*; q=0.5, application/xml"
      Accept-Encoding:
      - gzip, deflate
      User-Agent:
      - Stripe/v1 RubyBindings/1.14.0
      Authorization:
      - "<AUTH>"
      Content-Type:
      - application/x-www-form-urlencoded
      Stripe-Version:
      - '2015-10-16'
      X-Stripe-Client-User-Agent:
      - '{"bindings_version":"1.14.0","lang":"ruby","lang_version":"2.2.3 p173 (2015-08-18)","platform":"x86_64-darwin14","publisher":"stripe","uname":"Darwin
        Mattiass-MacBook-Pro.local 14.1.1 Darwin Kernel Version 14.1.1: Fri Feb  6
        21:06:10 PST 2015; root:xnu-2782.15.4~1/RELEASE_X86_64 x86_64"}'
      Content-Length:
      - '24'
  response:
    status:
      code: 402
      message: Payment Required
    headers:
      Server:
      - nginx
      Date:
      - Wed, 20 Jan 2016 17:31:04 GMT
      Content-Type:
      - application/json
      Content-Length:
      - '134'
      Connection:
      - keep-alive
      Access-Control-Allow-Credentials:
      - 'true'
      Access-Control-Allow-Methods:
      - GET, POST, HEAD, OPTIONS, DELETE
      Access-Control-Allow-Origin:
      - "*"
      Access-Control-Max-Age:
      - '300'
      Cache-Control:
      - no-cache, no-store
      Request-Id:
      - req_7kveEhwCSw6J2T
      Stripe-Version:
      - '2015-10-16'
    body:
      encoding: UTF-8
      string: |
        {
          "error": {
            "message": "Your card was declined.",
            "type": "card_error",
            "param": "",
            "code": "card_declined"
          }
        }
    http_version: 
  recorded_at: Wed, 20 Jan 2016 17:31:07 GMT
- request:
    method: get
    uri: https://api.stripe.com/v1/invoices?customer=cus_7kveKfBbTMLgzB
    body:
      encoding: US-ASCII
      string: ''
    headers:
      Accept:
      - "*/*; q=0.5, application/xml"
      Accept-Encoding:
      - gzip, deflate
      User-Agent:
      - Stripe/v1 RubyBindings/1.14.0
      Authorization:
      - "<AUTH>"
      Content-Type:
      - application/x-www-form-urlencoded
      Stripe-Version:
      - '2015-10-16'
      X-Stripe-Client-User-Agent:
      - '{"bindings_version":"1.14.0","lang":"ruby","lang_version":"2.2.3 p173 (2015-08-18)","platform":"x86_64-darwin14","publisher":"stripe","uname":"Darwin
        Mattiass-MacBook-Pro.local 14.1.1 Darwin Kernel Version 14.1.1: Fri Feb  6
        21:06:10 PST 2015; root:xnu-2782.15.4~1/RELEASE_X86_64 x86_64"}'
  response:
    status:
      code: 200
      message: OK
    headers:
      Server:
      - nginx
      Date:
      - Wed, 20 Jan 2016 17:31:05 GMT
      Content-Type:
      - application/json
      Content-Length:
      - '83'
      Connection:
      - keep-alive
      Access-Control-Allow-Credentials:
      - 'true'
      Access-Control-Allow-Methods:
      - GET, POST, HEAD, OPTIONS, DELETE
      Access-Control-Allow-Origin:
      - "*"
      Access-Control-Max-Age:
      - '300'
      Cache-Control:
      - no-cache, no-store
      Request-Id:
      - req_7kve6P5HCYsp6h
      Stripe-Version:
      - '2015-10-16'
      Strict-Transport-Security:
      - max-age=31556926; includeSubDomains
    body:
      encoding: UTF-8
      string: |
        {
          "object": "list",
          "data": [],
          "has_more": false,
          "url": "/v1/invoices"
        }
    http_version: 
  recorded_at: Wed, 20 Jan 2016 17:31:07 GMT
- request:
    method: get
    uri: https://api.stripe.com/v1/invoiceitems?customer=cus_7kveKfBbTMLgzB
    body:
      encoding: US-ASCII
      string: ''
    headers:
      Accept:
      - "*/*; q=0.5, application/xml"
      Accept-Encoding:
      - gzip, deflate
      User-Agent:
      - Stripe/v1 RubyBindings/1.14.0
      Authorization:
      - "<AUTH>"
      Content-Type:
      - application/x-www-form-urlencoded
      Stripe-Version:
      - '2015-10-16'
      X-Stripe-Client-User-Agent:
      - '{"bindings_version":"1.14.0","lang":"ruby","lang_version":"2.2.3 p173 (2015-08-18)","platform":"x86_64-darwin14","publisher":"stripe","uname":"Darwin
        Mattiass-MacBook-Pro.local 14.1.1 Darwin Kernel Version 14.1.1: Fri Feb  6
        21:06:10 PST 2015; root:xnu-2782.15.4~1/RELEASE_X86_64 x86_64"}'
  response:
    status:
      code: 200
      message: OK
    headers:
      Server:
      - nginx
      Date:
      - Wed, 20 Jan 2016 17:31:06 GMT
      Content-Type:
      - application/json
      Content-Length:
      - '87'
      Connection:
      - keep-alive
      Access-Control-Allow-Credentials:
      - 'true'
      Access-Control-Allow-Methods:
      - GET, POST, HEAD, OPTIONS, DELETE
      Access-Control-Allow-Origin:
      - "*"
      Access-Control-Max-Age:
      - '300'
      Cache-Control:
      - no-cache, no-store
      Request-Id:
      - req_7kveSgl7vp2lAn
      Stripe-Version:
      - '2015-10-16'
      Strict-Transport-Security:
      - max-age=31556926; includeSubDomains
    body:
      encoding: UTF-8
      string: |
        {
          "object": "list",
          "data": [],
          "has_more": false,
          "url": "/v1/invoiceitems"
        }
    http_version: 
  recorded_at: Wed, 20 Jan 2016 17:31:08 GMT
recorded_with: VCR 2.9.2
