---
http_interactions:
- request:
    method: post
    uri: https://api.stripe.com/v1/customers
    body:
      encoding: UTF-8
      string: card[number]=4242424242424242&card[exp_month]=12&card[exp_year]=30&card[cvc]=222&metadata[country_code]=NL&metadata[vat_registered]=false&metadata[other]=random
    headers:
      Accept:
      - "*/*; q=0.5, application/xml"
      Accept-Encoding:
      - gzip, deflate
      User-Agent:
      - Stripe/v1 RubyBindings/1.14.0
      Authorization:
      - "<AUTH>"
      Content-Type:
      - application/x-www-form-urlencoded
      Stripe-Version:
      - '2015-10-16'
      X-Stripe-Client-User-Agent:
      - '{"bindings_version":"1.14.0","lang":"ruby","lang_version":"2.3.1 p112 (2016-04-26)","platform":"x86_64-darwin14","publisher":"stripe","uname":"Darwin
        Mattiass-MacBook-Pro.local 14.5.0 Darwin Kernel Version 14.5.0: Wed Jul 29
        02:26:53 PDT 2015; root:xnu-2782.40.9~1/RELEASE_X86_64 x86_64"}'
      Content-Length:
      - '160'
  response:
    status:
      code: 200
      message: OK
    headers:
      Server:
      - nginx
      Date:
      - Wed, 13 Jul 2016 09:28:22 GMT
      Content-Type:
      - application/json
      Content-Length:
      - '1462'
      Connection:
      - keep-alive
      Access-Control-Allow-Credentials:
      - 'true'
      Access-Control-Allow-Methods:
      - GET, POST, HEAD, OPTIONS, DELETE
      Access-Control-Allow-Origin:
      - "*"
      Access-Control-Max-Age:
      - '300'
      Cache-Control:
      - no-cache, no-store
      Request-Id:
      - req_8oMOHNcftDLcEF
      Stripe-Version:
      - '2015-10-16'
      Strict-Transport-Security:
      - max-age=31556926; includeSubDomains
    body:
      encoding: UTF-8
      string: |
        {
          "id": "cus_8oMObLbROgFkOk",
          "object": "customer",
          "account_balance": 0,
          "created": 1468402101,
          "currency": null,
          "default_source": "card_18WjfF2nHroS7mLXQa6D1VOu",
          "delinquent": false,
          "description": null,
          "discount": null,
          "email": null,
          "livemode": false,
          "metadata": {
            "country_code": "NL",
            "vat_registered": "false",
            "other": "random"
          },
          "shipping": null,
          "sources": {
            "object": "list",
            "data": [
              {
                "id": "card_18WjfF2nHroS7mLXQa6D1VOu",
                "object": "card",
                "address_city": null,
                "address_country": null,
                "address_line1": null,
                "address_line1_check": null,
                "address_line2": null,
                "address_state": null,
                "address_zip": null,
                "address_zip_check": null,
                "brand": "Visa",
                "country": "US",
                "customer": "cus_8oMObLbROgFkOk",
                "cvc_check": "pass",
                "dynamic_last4": null,
                "exp_month": 12,
                "exp_year": 2030,
                "fingerprint": "0K7oMWAQAFG7TEob",
                "funding": "credit",
                "last4": "4242",
                "metadata": {},
                "name": null,
                "tokenization_method": null
              }
            ],
            "has_more": false,
            "total_count": 1,
            "url": "/v1/customers/cus_8oMObLbROgFkOk/sources"
          },
          "subscriptions": {
            "object": "list",
            "data": [],
            "has_more": false,
            "total_count": 0,
            "url": "/v1/customers/cus_8oMObLbROgFkOk/subscriptions"
          }
        }
    http_version: 
  recorded_at: Wed, 13 Jul 2016 09:28:22 GMT
- request:
    method: get
    uri: https://api.stripe.com/v1/plans/test
    body:
      encoding: US-ASCII
      string: ''
    headers:
      Accept:
      - "*/*; q=0.5, application/xml"
      Accept-Encoding:
      - gzip, deflate
      User-Agent:
      - Stripe/v1 RubyBindings/1.14.0
      Authorization:
      - "<AUTH>"
      Content-Type:
      - application/x-www-form-urlencoded
      Stripe-Version:
      - '2015-10-16'
      X-Stripe-Client-User-Agent:
      - '{"bindings_version":"1.14.0","lang":"ruby","lang_version":"2.3.1 p112 (2016-04-26)","platform":"x86_64-darwin14","publisher":"stripe","uname":"Darwin
        Mattiass-MacBook-Pro.local 14.5.0 Darwin Kernel Version 14.5.0: Wed Jul 29
        02:26:53 PDT 2015; root:xnu-2782.40.9~1/RELEASE_X86_64 x86_64"}'
  response:
    status:
      code: 200
      message: OK
    headers:
      Server:
      - nginx
      Date:
      - Wed, 13 Jul 2016 09:28:23 GMT
      Content-Type:
      - application/json
      Content-Length:
      - '272'
      Connection:
      - keep-alive
      Access-Control-Allow-Credentials:
      - 'true'
      Access-Control-Allow-Methods:
      - GET, POST, HEAD, OPTIONS, DELETE
      Access-Control-Allow-Origin:
      - "*"
      Access-Control-Max-Age:
      - '300'
      Cache-Control:
      - no-cache, no-store
      Request-Id:
      - req_8oMOBh7FPYVpUf
      Stripe-Version:
      - '2015-10-16'
      Strict-Transport-Security:
      - max-age=31556926; includeSubDomains
    body:
      encoding: UTF-8
      string: |
        {
          "id": "test",
          "object": "plan",
          "amount": 1499,
          "created": 1406556583,
          "currency": "usd",
          "interval": "month",
          "interval_count": 1,
          "livemode": false,
          "metadata": {},
          "name": "Test Plan",
          "statement_descriptor": null,
          "trial_period_days": null
        }
    http_version: 
  recorded_at: Wed, 13 Jul 2016 09:28:23 GMT
- request:
    method: post
    uri: https://api.stripe.com/v1/customers/cus_8oMObLbROgFkOk/subscriptions
    body:
      encoding: UTF-8
      string: plan=test
    headers:
      Accept:
      - "*/*; q=0.5, application/xml"
      Accept-Encoding:
      - gzip, deflate
      User-Agent:
      - Stripe/v1 RubyBindings/1.14.0
      Authorization:
      - "<AUTH>"
      Content-Type:
      - application/x-www-form-urlencoded
      Stripe-Version:
      - '2015-10-16'
      X-Stripe-Client-User-Agent:
      - '{"bindings_version":"1.14.0","lang":"ruby","lang_version":"2.3.1 p112 (2016-04-26)","platform":"x86_64-darwin14","publisher":"stripe","uname":"Darwin
        Mattiass-MacBook-Pro.local 14.5.0 Darwin Kernel Version 14.5.0: Wed Jul 29
        02:26:53 PDT 2015; root:xnu-2782.40.9~1/RELEASE_X86_64 x86_64"}'
      Content-Length:
      - '9'
  response:
    status:
      code: 200
      message: OK
    headers:
      Server:
      - nginx
      Date:
      - Wed, 13 Jul 2016 09:28:25 GMT
      Content-Type:
      - application/json
      Content-Length:
      - '804'
      Connection:
      - keep-alive
      Access-Control-Allow-Credentials:
      - 'true'
      Access-Control-Allow-Methods:
      - GET, POST, HEAD, OPTIONS, DELETE
      Access-Control-Allow-Origin:
      - "*"
      Access-Control-Max-Age:
      - '300'
      Cache-Control:
      - no-cache, no-store
      Request-Id:
      - req_8oMOkkJ2vEAopS
      Stripe-Version:
      - '2015-10-16'
      Strict-Transport-Security:
      - max-age=31556926; includeSubDomains
    body:
      encoding: UTF-8
      string: |
        {
          "id": "sub_8oMOKHBZ0QYdt8",
          "object": "subscription",
          "application_fee_percent": null,
          "cancel_at_period_end": false,
          "canceled_at": null,
          "created": 1468402104,
          "current_period_end": 1471080504,
          "current_period_start": 1468402104,
          "customer": "cus_8oMObLbROgFkOk",
          "discount": null,
          "ended_at": null,
          "livemode": false,
          "metadata": {},
          "plan": {
            "id": "test",
            "object": "plan",
            "amount": 1499,
            "created": 1406556583,
            "currency": "usd",
            "interval": "month",
            "interval_count": 1,
            "livemode": false,
            "metadata": {},
            "name": "Test Plan",
            "statement_descriptor": null,
            "trial_period_days": null
          },
          "quantity": 1,
          "start": 1468402104,
          "status": "active",
          "tax_percent": null,
          "trial_end": null,
          "trial_start": null
        }
    http_version: 
  recorded_at: Wed, 13 Jul 2016 09:28:25 GMT
- request:
    method: get
    uri: https://api.stripe.com/v1/invoices?customer=cus_8oMObLbROgFkOk
    body:
      encoding: US-ASCII
      string: ''
    headers:
      Accept:
      - "*/*; q=0.5, application/xml"
      Accept-Encoding:
      - gzip, deflate
      User-Agent:
      - Stripe/v1 RubyBindings/1.14.0
      Authorization:
      - "<AUTH>"
      Content-Type:
      - application/x-www-form-urlencoded
      Stripe-Version:
      - '2015-10-16'
      X-Stripe-Client-User-Agent:
      - '{"bindings_version":"1.14.0","lang":"ruby","lang_version":"2.3.1 p112 (2016-04-26)","platform":"x86_64-darwin14","publisher":"stripe","uname":"Darwin
        Mattiass-MacBook-Pro.local 14.5.0 Darwin Kernel Version 14.5.0: Wed Jul 29
        02:26:53 PDT 2015; root:xnu-2782.40.9~1/RELEASE_X86_64 x86_64"}'
  response:
    status:
      code: 200
      message: OK
    headers:
      Server:
      - nginx
      Date:
      - Wed, 13 Jul 2016 09:28:25 GMT
      Content-Type:
      - application/json
      Content-Length:
      - '2139'
      Connection:
      - keep-alive
      Access-Control-Allow-Credentials:
      - 'true'
      Access-Control-Allow-Methods:
      - GET, POST, HEAD, OPTIONS, DELETE
      Access-Control-Allow-Origin:
      - "*"
      Access-Control-Max-Age:
      - '300'
      Cache-Control:
      - no-cache, no-store
      Request-Id:
      - req_8oMOLw1tWFuBuM
      Stripe-Version:
      - '2015-10-16'
      Strict-Transport-Security:
      - max-age=31556926; includeSubDomains
    body:
      encoding: UTF-8
      string: |
        {
          "object": "list",
          "data": [
            {
              "id": "in_18WjfI2nHroS7mLXCQCqLc8W",
              "object": "invoice",
              "amount_due": 1499,
              "application_fee": null,
              "attempt_count": 1,
              "attempted": true,
              "charge": "ch_18WjfI2nHroS7mLXoUWytINJ",
              "closed": true,
              "currency": "usd",
              "customer": "cus_8oMObLbROgFkOk",
              "date": 1468402104,
              "description": null,
              "discount": null,
              "ending_balance": 0,
              "forgiven": false,
              "lines": {
                "object": "list",
                "data": [
                  {
                    "id": "sub_8oMOKHBZ0QYdt8",
                    "object": "line_item",
                    "amount": 1499,
                    "currency": "usd",
                    "description": null,
                    "discountable": true,
                    "livemode": false,
                    "metadata": {},
                    "period": {
                      "start": 1468402104,
                      "end": 1471080504
                    },
                    "plan": {
                      "id": "test",
                      "object": "plan",
                      "amount": 1499,
                      "created": 1406556583,
                      "currency": "usd",
                      "interval": "month",
                      "interval_count": 1,
                      "livemode": false,
                      "metadata": {},
                      "name": "Test Plan",
                      "statement_descriptor": null,
                      "trial_period_days": null
                    },
                    "proration": false,
                    "quantity": 1,
                    "subscription": null,
                    "type": "subscription"
                  }
                ],
                "has_more": false,
                "total_count": 1,
                "url": "/v1/invoices/in_18WjfI2nHroS7mLXCQCqLc8W/lines"
              },
              "livemode": false,
              "metadata": {},
              "next_payment_attempt": null,
              "paid": true,
              "period_end": 1468402104,
              "period_start": 1468402104,
              "receipt_number": null,
              "starting_balance": 0,
              "statement_descriptor": null,
              "subscription": "sub_8oMOKHBZ0QYdt8",
              "subtotal": 1499,
              "tax": null,
              "tax_percent": null,
              "total": 1499,
              "webhooks_delivered_at": null
            }
          ],
          "has_more": false,
          "url": "/v1/invoices"
        }
    http_version: 
  recorded_at: Wed, 13 Jul 2016 09:28:25 GMT
- request:
    method: get
    uri: https://api.stripe.com/v1/charges/ch_18WjfI2nHroS7mLXoUWytINJ
    body:
      encoding: US-ASCII
      string: ''
    headers:
      Accept:
      - "*/*; q=0.5, application/xml"
      Accept-Encoding:
      - gzip, deflate
      User-Agent:
      - Stripe/v1 RubyBindings/1.14.0
      Authorization:
      - "<AUTH>"
      Content-Type:
      - application/x-www-form-urlencoded
      Stripe-Version:
      - '2015-10-16'
      X-Stripe-Client-User-Agent:
      - '{"bindings_version":"1.14.0","lang":"ruby","lang_version":"2.3.1 p112 (2016-04-26)","platform":"x86_64-darwin14","publisher":"stripe","uname":"Darwin
        Mattiass-MacBook-Pro.local 14.5.0 Darwin Kernel Version 14.5.0: Wed Jul 29
        02:26:53 PDT 2015; root:xnu-2782.40.9~1/RELEASE_X86_64 x86_64"}'
  response:
    status:
      code: 200
      message: OK
    headers:
      Server:
      - nginx
      Date:
      - Wed, 13 Jul 2016 09:28:26 GMT
      Content-Type:
      - application/json
      Content-Length:
      - '1526'
      Connection:
      - keep-alive
      Access-Control-Allow-Credentials:
      - 'true'
      Access-Control-Allow-Methods:
      - GET, POST, HEAD, OPTIONS, DELETE
      Access-Control-Allow-Origin:
      - "*"
      Access-Control-Max-Age:
      - '300'
      Cache-Control:
      - no-cache, no-store
      Request-Id:
      - req_8oMOU6pA982vYp
      Stripe-Version:
      - '2015-10-16'
      Strict-Transport-Security:
      - max-age=31556926; includeSubDomains
    body:
      encoding: UTF-8
      string: |
        {
          "id": "ch_18WjfI2nHroS7mLXoUWytINJ",
          "object": "charge",
          "amount": 1499,
          "amount_refunded": 0,
          "application_fee": null,
          "balance_transaction": "txn_18WjfI2nHroS7mLX5yPKjjZO",
          "captured": true,
          "created": 1468402104,
          "currency": "usd",
          "customer": "cus_8oMObLbROgFkOk",
          "description": null,
          "destination": null,
          "dispute": null,
          "failure_code": null,
          "failure_message": null,
          "fraud_details": {},
          "invoice": "in_18WjfI2nHroS7mLXCQCqLc8W",
          "livemode": false,
          "metadata": {},
          "order": null,
          "paid": true,
          "receipt_email": null,
          "receipt_number": null,
          "refunded": false,
          "refunds": {
            "object": "list",
            "data": [],
            "has_more": false,
            "total_count": 0,
            "url": "/v1/charges/ch_18WjfI2nHroS7mLXoUWytINJ/refunds"
          },
          "shipping": null,
          "source": {
            "id": "card_18WjfF2nHroS7mLXQa6D1VOu",
            "object": "card",
            "address_city": null,
            "address_country": null,
            "address_line1": null,
            "address_line1_check": null,
            "address_line2": null,
            "address_state": null,
            "address_zip": null,
            "address_zip_check": null,
            "brand": "Visa",
            "country": "US",
            "customer": "cus_8oMObLbROgFkOk",
            "cvc_check": "pass",
            "dynamic_last4": null,
            "exp_month": 12,
            "exp_year": 2030,
            "fingerprint": "0K7oMWAQAFG7TEob",
            "funding": "credit",
            "last4": "4242",
            "metadata": {},
            "name": null,
            "tokenization_method": null
          },
          "source_transfer": null,
          "statement_descriptor": null,
          "status": "succeeded"
        }
    http_version: 
  recorded_at: Wed, 13 Jul 2016 09:28:26 GMT
- request:
    method: get
    uri: https://api.stripe.com/v1/invoices/in_18WjfI2nHroS7mLXCQCqLc8W
    body:
      encoding: US-ASCII
      string: ''
    headers:
      Accept:
      - "*/*; q=0.5, application/xml"
      Accept-Encoding:
      - gzip, deflate
      User-Agent:
      - Stripe/v1 RubyBindings/1.14.0
      Authorization:
      - "<AUTH>"
      Content-Type:
      - application/x-www-form-urlencoded
      Stripe-Version:
      - '2015-10-16'
      X-Stripe-Client-User-Agent:
      - '{"bindings_version":"1.14.0","lang":"ruby","lang_version":"2.3.1 p112 (2016-04-26)","platform":"x86_64-darwin14","publisher":"stripe","uname":"Darwin
        Mattiass-MacBook-Pro.local 14.5.0 Darwin Kernel Version 14.5.0: Wed Jul 29
        02:26:53 PDT 2015; root:xnu-2782.40.9~1/RELEASE_X86_64 x86_64"}'
  response:
    status:
      code: 200
      message: OK
    headers:
      Server:
      - nginx
      Date:
      - Wed, 13 Jul 2016 09:28:27 GMT
      Content-Type:
      - application/json
      Content-Length:
      - '1765'
      Connection:
      - keep-alive
      Access-Control-Allow-Credentials:
      - 'true'
      Access-Control-Allow-Methods:
      - GET, POST, HEAD, OPTIONS, DELETE
      Access-Control-Allow-Origin:
      - "*"
      Access-Control-Max-Age:
      - '300'
      Cache-Control:
      - no-cache, no-store
      Request-Id:
      - req_8oMOkdMDNR6zY5
      Stripe-Version:
      - '2015-10-16'
      Strict-Transport-Security:
      - max-age=31556926; includeSubDomains
    body:
      encoding: UTF-8
      string: |
        {
          "id": "in_18WjfI2nHroS7mLXCQCqLc8W",
          "object": "invoice",
          "amount_due": 1499,
          "application_fee": null,
          "attempt_count": 1,
          "attempted": true,
          "charge": "ch_18WjfI2nHroS7mLXoUWytINJ",
          "closed": true,
          "currency": "usd",
          "customer": "cus_8oMObLbROgFkOk",
          "date": 1468402104,
          "description": null,
          "discount": null,
          "ending_balance": 0,
          "forgiven": false,
          "lines": {
            "object": "list",
            "data": [
              {
                "id": "sub_8oMOKHBZ0QYdt8",
                "object": "line_item",
                "amount": 1499,
                "currency": "usd",
                "description": null,
                "discountable": true,
                "livemode": false,
                "metadata": {},
                "period": {
                  "start": 1468402104,
                  "end": 1471080504
                },
                "plan": {
                  "id": "test",
                  "object": "plan",
                  "amount": 1499,
                  "created": 1406556583,
                  "currency": "usd",
                  "interval": "month",
                  "interval_count": 1,
                  "livemode": false,
                  "metadata": {},
                  "name": "Test Plan",
                  "statement_descriptor": null,
                  "trial_period_days": null
                },
                "proration": false,
                "quantity": 1,
                "subscription": null,
                "type": "subscription"
              }
            ],
            "has_more": false,
            "total_count": 1,
            "url": "/v1/invoices/in_18WjfI2nHroS7mLXCQCqLc8W/lines"
          },
          "livemode": false,
          "metadata": {},
          "next_payment_attempt": null,
          "paid": true,
          "period_end": 1468402104,
          "period_start": 1468402104,
          "receipt_number": null,
          "starting_balance": 0,
          "statement_descriptor": null,
          "subscription": "sub_8oMOKHBZ0QYdt8",
          "subtotal": 1499,
          "tax": null,
          "tax_percent": null,
          "total": 1499,
          "webhooks_delivered_at": null
        }
    http_version: 
  recorded_at: Wed, 13 Jul 2016 09:28:27 GMT
- request:
    method: get
    uri: https://api.stripe.com/v1/customers/cus_8oMObLbROgFkOk
    body:
      encoding: US-ASCII
      string: ''
    headers:
      Accept:
      - "*/*; q=0.5, application/xml"
      Accept-Encoding:
      - gzip, deflate
      User-Agent:
      - Stripe/v1 RubyBindings/1.14.0
      Authorization:
      - "<AUTH>"
      Content-Type:
      - application/x-www-form-urlencoded
      Stripe-Version:
      - '2015-10-16'
      X-Stripe-Client-User-Agent:
      - '{"bindings_version":"1.14.0","lang":"ruby","lang_version":"2.3.1 p112 (2016-04-26)","platform":"x86_64-darwin14","publisher":"stripe","uname":"Darwin
        Mattiass-MacBook-Pro.local 14.5.0 Darwin Kernel Version 14.5.0: Wed Jul 29
        02:26:53 PDT 2015; root:xnu-2782.40.9~1/RELEASE_X86_64 x86_64"}'
  response:
    status:
      code: 200
      message: OK
    headers:
      Server:
      - nginx
      Date:
      - Wed, 13 Jul 2016 09:28:28 GMT
      Content-Type:
      - application/json
      Content-Length:
      - '2482'
      Connection:
      - keep-alive
      Access-Control-Allow-Credentials:
      - 'true'
      Access-Control-Allow-Methods:
      - GET, POST, HEAD, OPTIONS, DELETE
      Access-Control-Allow-Origin:
      - "*"
      Access-Control-Max-Age:
      - '300'
      Cache-Control:
      - no-cache, no-store
      Request-Id:
      - req_8oMO6McdFTGCOQ
      Stripe-Version:
      - '2015-10-16'
      Strict-Transport-Security:
      - max-age=31556926; includeSubDomains
    body:
      encoding: UTF-8
      string: |
        {
          "id": "cus_8oMObLbROgFkOk",
          "object": "customer",
          "account_balance": 0,
          "created": 1468402101,
          "currency": "usd",
          "default_source": "card_18WjfF2nHroS7mLXQa6D1VOu",
          "delinquent": false,
          "description": null,
          "discount": null,
          "email": null,
          "livemode": false,
          "metadata": {
            "country_code": "NL",
            "vat_registered": "false",
            "other": "random"
          },
          "shipping": null,
          "sources": {
            "object": "list",
            "data": [
              {
                "id": "card_18WjfF2nHroS7mLXQa6D1VOu",
                "object": "card",
                "address_city": null,
                "address_country": null,
                "address_line1": null,
                "address_line1_check": null,
                "address_line2": null,
                "address_state": null,
                "address_zip": null,
                "address_zip_check": null,
                "brand": "Visa",
                "country": "US",
                "customer": "cus_8oMObLbROgFkOk",
                "cvc_check": "pass",
                "dynamic_last4": null,
                "exp_month": 12,
                "exp_year": 2030,
                "fingerprint": "0K7oMWAQAFG7TEob",
                "funding": "credit",
                "last4": "4242",
                "metadata": {},
                "name": null,
                "tokenization_method": null
              }
            ],
            "has_more": false,
            "total_count": 1,
            "url": "/v1/customers/cus_8oMObLbROgFkOk/sources"
          },
          "subscriptions": {
            "object": "list",
            "data": [
              {
                "id": "sub_8oMOKHBZ0QYdt8",
                "object": "subscription",
                "application_fee_percent": null,
                "cancel_at_period_end": false,
                "canceled_at": null,
                "created": 1468402104,
                "current_period_end": 1471080504,
                "current_period_start": 1468402104,
                "customer": "cus_8oMObLbROgFkOk",
                "discount": null,
                "ended_at": null,
                "livemode": false,
                "metadata": {},
                "plan": {
                  "id": "test",
                  "object": "plan",
                  "amount": 1499,
                  "created": 1406556583,
                  "currency": "usd",
                  "interval": "month",
                  "interval_count": 1,
                  "livemode": false,
                  "metadata": {},
                  "name": "Test Plan",
                  "statement_descriptor": null,
                  "trial_period_days": null
                },
                "quantity": 1,
                "start": 1468402104,
                "status": "active",
                "tax_percent": null,
                "trial_end": null,
                "trial_start": null
              }
            ],
            "has_more": false,
            "total_count": 1,
            "url": "/v1/customers/cus_8oMObLbROgFkOk/subscriptions"
          }
        }
    http_version: 
  recorded_at: Wed, 13 Jul 2016 09:28:28 GMT
- request:
    method: get
    uri: https://api.stripe.com/v1/customers/cus_8oMObLbROgFkOk/subscriptions/sub_8oMOKHBZ0QYdt8
    body:
      encoding: US-ASCII
      string: ''
    headers:
      Accept:
      - "*/*; q=0.5, application/xml"
      Accept-Encoding:
      - gzip, deflate
      User-Agent:
      - Stripe/v1 RubyBindings/1.14.0
      Authorization:
      - "<AUTH>"
      Content-Type:
      - application/x-www-form-urlencoded
      Stripe-Version:
      - '2015-10-16'
      X-Stripe-Client-User-Agent:
      - '{"bindings_version":"1.14.0","lang":"ruby","lang_version":"2.3.1 p112 (2016-04-26)","platform":"x86_64-darwin14","publisher":"stripe","uname":"Darwin
        Mattiass-MacBook-Pro.local 14.5.0 Darwin Kernel Version 14.5.0: Wed Jul 29
        02:26:53 PDT 2015; root:xnu-2782.40.9~1/RELEASE_X86_64 x86_64"}'
  response:
    status:
      code: 200
      message: OK
    headers:
      Server:
      - nginx
      Date:
      - Wed, 13 Jul 2016 09:28:28 GMT
      Content-Type:
      - application/json
      Content-Length:
      - '804'
      Connection:
      - keep-alive
      Access-Control-Allow-Credentials:
      - 'true'
      Access-Control-Allow-Methods:
      - GET, POST, HEAD, OPTIONS, DELETE
      Access-Control-Allow-Origin:
      - "*"
      Access-Control-Max-Age:
      - '300'
      Cache-Control:
      - no-cache, no-store
      Request-Id:
      - req_8oMO1tGRmxNL9q
      Stripe-Version:
      - '2015-10-16'
      Strict-Transport-Security:
      - max-age=31556926; includeSubDomains
    body:
      encoding: UTF-8
      string: |
        {
          "id": "sub_8oMOKHBZ0QYdt8",
          "object": "subscription",
          "application_fee_percent": null,
          "cancel_at_period_end": false,
          "canceled_at": null,
          "created": 1468402104,
          "current_period_end": 1471080504,
          "current_period_start": 1468402104,
          "customer": "cus_8oMObLbROgFkOk",
          "discount": null,
          "ended_at": null,
          "livemode": false,
          "metadata": {},
          "plan": {
            "id": "test",
            "object": "plan",
            "amount": 1499,
            "created": 1406556583,
            "currency": "usd",
            "interval": "month",
            "interval_count": 1,
            "livemode": false,
            "metadata": {},
            "name": "Test Plan",
            "statement_descriptor": null,
            "trial_period_days": null
          },
          "quantity": 1,
          "start": 1468402104,
          "status": "active",
          "tax_percent": null,
          "trial_end": null,
          "trial_start": null
        }
    http_version: 
  recorded_at: Wed, 13 Jul 2016 09:28:28 GMT
- request:
    method: get
    uri: https://api.stripe.com/v1/charges/ch_18WjfI2nHroS7mLXoUWytINJ
    body:
      encoding: US-ASCII
      string: ''
    headers:
      Accept:
      - "*/*; q=0.5, application/xml"
      Accept-Encoding:
      - gzip, deflate
      User-Agent:
      - Stripe/v1 RubyBindings/1.14.0
      Authorization:
      - "<AUTH>"
      Content-Type:
      - application/x-www-form-urlencoded
      Stripe-Version:
      - '2015-10-16'
      X-Stripe-Client-User-Agent:
      - '{"bindings_version":"1.14.0","lang":"ruby","lang_version":"2.3.1 p112 (2016-04-26)","platform":"x86_64-darwin14","publisher":"stripe","uname":"Darwin
        Mattiass-MacBook-Pro.local 14.5.0 Darwin Kernel Version 14.5.0: Wed Jul 29
        02:26:53 PDT 2015; root:xnu-2782.40.9~1/RELEASE_X86_64 x86_64"}'
  response:
    status:
      code: 200
      message: OK
    headers:
      Server:
      - nginx
      Date:
      - Wed, 13 Jul 2016 09:28:29 GMT
      Content-Type:
      - application/json
      Content-Length:
      - '1526'
      Connection:
      - keep-alive
      Access-Control-Allow-Credentials:
      - 'true'
      Access-Control-Allow-Methods:
      - GET, POST, HEAD, OPTIONS, DELETE
      Access-Control-Allow-Origin:
      - "*"
      Access-Control-Max-Age:
      - '300'
      Cache-Control:
      - no-cache, no-store
      Request-Id:
      - req_8oMOdpiBEnQ8Z9
      Stripe-Version:
      - '2015-10-16'
      Strict-Transport-Security:
      - max-age=31556926; includeSubDomains
    body:
      encoding: UTF-8
      string: |
        {
          "id": "ch_18WjfI2nHroS7mLXoUWytINJ",
          "object": "charge",
          "amount": 1499,
          "amount_refunded": 0,
          "application_fee": null,
          "balance_transaction": "txn_18WjfI2nHroS7mLX5yPKjjZO",
          "captured": true,
          "created": 1468402104,
          "currency": "usd",
          "customer": "cus_8oMObLbROgFkOk",
          "description": null,
          "destination": null,
          "dispute": null,
          "failure_code": null,
          "failure_message": null,
          "fraud_details": {},
          "invoice": "in_18WjfI2nHroS7mLXCQCqLc8W",
          "livemode": false,
          "metadata": {},
          "order": null,
          "paid": true,
          "receipt_email": null,
          "receipt_number": null,
          "refunded": false,
          "refunds": {
            "object": "list",
            "data": [],
            "has_more": false,
            "total_count": 0,
            "url": "/v1/charges/ch_18WjfI2nHroS7mLXoUWytINJ/refunds"
          },
          "shipping": null,
          "source": {
            "id": "card_18WjfF2nHroS7mLXQa6D1VOu",
            "object": "card",
            "address_city": null,
            "address_country": null,
            "address_line1": null,
            "address_line1_check": null,
            "address_line2": null,
            "address_state": null,
            "address_zip": null,
            "address_zip_check": null,
            "brand": "Visa",
            "country": "US",
            "customer": "cus_8oMObLbROgFkOk",
            "cvc_check": "pass",
            "dynamic_last4": null,
            "exp_month": 12,
            "exp_year": 2030,
            "fingerprint": "0K7oMWAQAFG7TEob",
            "funding": "credit",
            "last4": "4242",
            "metadata": {},
            "name": null,
            "tokenization_method": null
          },
          "source_transfer": null,
          "statement_descriptor": null,
          "status": "succeeded"
        }
    http_version: 
  recorded_at: Wed, 13 Jul 2016 09:28:29 GMT
- request:
    method: post
    uri: https://api.stripe.com/v1/charges/ch_18WjfI2nHroS7mLXoUWytINJ/refund
    body:
      encoding: UTF-8
      string: amount=100
    headers:
      Accept:
      - "*/*; q=0.5, application/xml"
      Accept-Encoding:
      - gzip, deflate
      User-Agent:
      - Stripe/v1 RubyBindings/1.14.0
      Authorization:
      - "<AUTH>"
      Content-Type:
      - application/x-www-form-urlencoded
      Stripe-Version:
      - '2015-10-16'
      X-Stripe-Client-User-Agent:
      - '{"bindings_version":"1.14.0","lang":"ruby","lang_version":"2.3.1 p112 (2016-04-26)","platform":"x86_64-darwin14","publisher":"stripe","uname":"Darwin
        Mattiass-MacBook-Pro.local 14.5.0 Darwin Kernel Version 14.5.0: Wed Jul 29
        02:26:53 PDT 2015; root:xnu-2782.40.9~1/RELEASE_X86_64 x86_64"}'
      Content-Length:
      - '10'
  response:
    status:
      code: 200
      message: OK
    headers:
      Server:
      - nginx
      Date:
      - Wed, 13 Jul 2016 09:28:30 GMT
      Content-Type:
      - application/json
      Content-Length:
      - '1925'
      Connection:
      - keep-alive
      Access-Control-Allow-Credentials:
      - 'true'
      Access-Control-Allow-Methods:
      - GET, POST, HEAD, OPTIONS, DELETE
      Access-Control-Allow-Origin:
      - "*"
      Access-Control-Max-Age:
      - '300'
      Cache-Control:
      - no-cache, no-store
      Request-Id:
      - req_8oMOsMj3fQVSqD
      Stripe-Version:
      - '2015-10-16'
      Strict-Transport-Security:
      - max-age=31556926; includeSubDomains
    body:
      encoding: UTF-8
      string: |
        {
          "id": "ch_18WjfI2nHroS7mLXoUWytINJ",
          "object": "charge",
          "amount": 1499,
          "amount_refunded": 100,
          "application_fee": null,
          "balance_transaction": "txn_18WjfI2nHroS7mLX5yPKjjZO",
          "captured": true,
          "created": 1468402104,
          "currency": "usd",
          "customer": "cus_8oMObLbROgFkOk",
          "description": null,
          "destination": null,
          "dispute": null,
          "failure_code": null,
          "failure_message": null,
          "fraud_details": {},
          "invoice": "in_18WjfI2nHroS7mLXCQCqLc8W",
          "livemode": false,
          "metadata": {},
          "order": null,
          "paid": true,
          "receipt_email": null,
          "receipt_number": null,
          "refunded": false,
          "refunds": {
            "object": "list",
            "data": [
              {
                "id": "re_18WjfO2nHroS7mLXd1kySOgc",
                "object": "refund",
                "amount": 100,
                "balance_transaction": "txn_18WjfO2nHroS7mLXXZBlZybK",
                "charge": "ch_18WjfI2nHroS7mLXoUWytINJ",
                "created": 1468402110,
                "currency": "usd",
                "metadata": {},
                "reason": null,
                "receipt_number": null,
                "status": "succeeded"
              }
            ],
            "has_more": false,
            "total_count": 1,
            "url": "/v1/charges/ch_18WjfI2nHroS7mLXoUWytINJ/refunds"
          },
          "shipping": null,
          "source": {
            "id": "card_18WjfF2nHroS7mLXQa6D1VOu",
            "object": "card",
            "address_city": null,
            "address_country": null,
            "address_line1": null,
            "address_line1_check": null,
            "address_line2": null,
            "address_state": null,
            "address_zip": null,
            "address_zip_check": null,
            "brand": "Visa",
            "country": "US",
            "customer": "cus_8oMObLbROgFkOk",
            "cvc_check": "pass",
            "dynamic_last4": null,
            "exp_month": 12,
            "exp_year": 2030,
            "fingerprint": "0K7oMWAQAFG7TEob",
            "funding": "credit",
            "last4": "4242",
            "metadata": {},
            "name": null,
            "tokenization_method": null
          },
          "source_transfer": null,
          "statement_descriptor": null,
          "status": "succeeded"
        }
    http_version: 
  recorded_at: Wed, 13 Jul 2016 09:28:30 GMT
- request:
    method: get
    uri: https://api.stripe.com/v1/charges/ch_18WjfI2nHroS7mLXoUWytINJ
    body:
      encoding: US-ASCII
      string: ''
    headers:
      Accept:
      - "*/*; q=0.5, application/xml"
      Accept-Encoding:
      - gzip, deflate
      User-Agent:
      - Stripe/v1 RubyBindings/1.14.0
      Authorization:
      - "<AUTH>"
      Content-Type:
      - application/x-www-form-urlencoded
      Stripe-Version:
      - '2015-10-16'
      X-Stripe-Client-User-Agent:
      - '{"bindings_version":"1.14.0","lang":"ruby","lang_version":"2.3.1 p112 (2016-04-26)","platform":"x86_64-darwin14","publisher":"stripe","uname":"Darwin
        Mattiass-MacBook-Pro.local 14.5.0 Darwin Kernel Version 14.5.0: Wed Jul 29
        02:26:53 PDT 2015; root:xnu-2782.40.9~1/RELEASE_X86_64 x86_64"}'
  response:
    status:
      code: 200
      message: OK
    headers:
      Server:
      - nginx
      Date:
      - Wed, 13 Jul 2016 09:28:31 GMT
      Content-Type:
      - application/json
      Content-Length:
      - '1925'
      Connection:
      - keep-alive
      Access-Control-Allow-Credentials:
      - 'true'
      Access-Control-Allow-Methods:
      - GET, POST, HEAD, OPTIONS, DELETE
      Access-Control-Allow-Origin:
      - "*"
      Access-Control-Max-Age:
      - '300'
      Cache-Control:
      - no-cache, no-store
      Request-Id:
      - req_8oMOm3q4TgTS5S
      Stripe-Version:
      - '2015-10-16'
      Strict-Transport-Security:
      - max-age=31556926; includeSubDomains
    body:
      encoding: UTF-8
      string: |
        {
          "id": "ch_18WjfI2nHroS7mLXoUWytINJ",
          "object": "charge",
          "amount": 1499,
          "amount_refunded": 100,
          "application_fee": null,
          "balance_transaction": "txn_18WjfI2nHroS7mLX5yPKjjZO",
          "captured": true,
          "created": 1468402104,
          "currency": "usd",
          "customer": "cus_8oMObLbROgFkOk",
          "description": null,
          "destination": null,
          "dispute": null,
          "failure_code": null,
          "failure_message": null,
          "fraud_details": {},
          "invoice": "in_18WjfI2nHroS7mLXCQCqLc8W",
          "livemode": false,
          "metadata": {},
          "order": null,
          "paid": true,
          "receipt_email": null,
          "receipt_number": null,
          "refunded": false,
          "refunds": {
            "object": "list",
            "data": [
              {
                "id": "re_18WjfO2nHroS7mLXd1kySOgc",
                "object": "refund",
                "amount": 100,
                "balance_transaction": "txn_18WjfO2nHroS7mLXXZBlZybK",
                "charge": "ch_18WjfI2nHroS7mLXoUWytINJ",
                "created": 1468402110,
                "currency": "usd",
                "metadata": {},
                "reason": null,
                "receipt_number": null,
                "status": "succeeded"
              }
            ],
            "has_more": false,
            "total_count": 1,
            "url": "/v1/charges/ch_18WjfI2nHroS7mLXoUWytINJ/refunds"
          },
          "shipping": null,
          "source": {
            "id": "card_18WjfF2nHroS7mLXQa6D1VOu",
            "object": "card",
            "address_city": null,
            "address_country": null,
            "address_line1": null,
            "address_line1_check": null,
            "address_line2": null,
            "address_state": null,
            "address_zip": null,
            "address_zip_check": null,
            "brand": "Visa",
            "country": "US",
            "customer": "cus_8oMObLbROgFkOk",
            "cvc_check": "pass",
            "dynamic_last4": null,
            "exp_month": 12,
            "exp_year": 2030,
            "fingerprint": "0K7oMWAQAFG7TEob",
            "funding": "credit",
            "last4": "4242",
            "metadata": {},
            "name": null,
            "tokenization_method": null
          },
          "source_transfer": null,
          "statement_descriptor": null,
          "status": "succeeded"
        }
    http_version: 
  recorded_at: Wed, 13 Jul 2016 09:28:31 GMT
recorded_with: VCR 2.9.2
