---
http_interactions:
- request:
    method: post
    uri: https://api.stripe.com/v1/customers
    body:
      encoding: UTF-8
      string: card[cvc]=222&card[exp_month]=12&card[exp_year]=30&card[number]=4242424242424242&metadata[country_code]=NL&metadata[other]=random&metadata[vat_registered]=false
    headers:
      Accept:
      - "*/*"
      Accept-Encoding:
      - gzip, deflate
      User-Agent:
      - Stripe/v1 RubyBindings/1.48.0
      Authorization:
      - "<AUTH>"
      Content-Type:
      - application/x-www-form-urlencoded
      Stripe-Version:
      - '2015-10-16'
      X-Stripe-Client-User-Agent:
      - '{"bindings_version":"1.48.0","lang":"ruby","lang_version":"2.3.1 p112 (2016-04-26)","platform":"x86_64-darwin14","engine":"ruby","publisher":"stripe","uname":"Darwin
        Mattiass-MacBook-Pro.local 14.5.0 Darwin Kernel Version 14.5.0: Wed Jul 29
        02:26:53 PDT 2015; root:xnu-2782.40.9~1/RELEASE_X86_64 x86_64","hostname":"Mattiass-MacBook-Pro.local"}'
      Content-Length:
      - '160'
  response:
    status:
      code: 200
      message: OK
    headers:
      Server:
      - nginx
      Date:
      - Wed, 13 Jul 2016 09:50:26 GMT
      Content-Type:
      - application/json
      Content-Length:
      - '1462'
      Connection:
      - keep-alive
      Access-Control-Allow-Credentials:
      - 'true'
      Access-Control-Allow-Methods:
      - GET, POST, HEAD, OPTIONS, DELETE
      Access-Control-Allow-Origin:
      - "*"
      Access-Control-Max-Age:
      - '300'
      Cache-Control:
      - no-cache, no-store
      Request-Id:
      - req_8oMk9PIeFJBdgH
      Stripe-Version:
      - '2015-10-16'
      Strict-Transport-Security:
      - max-age=31556926; includeSubDomains
    body:
      encoding: UTF-8
      string: |
        {
          "id": "cus_8oMkzQOE404KtJ",
          "object": "customer",
          "account_balance": 0,
          "created": 1468403426,
          "currency": null,
          "default_source": "card_18Wk0c2nHroS7mLXCuSTdMla",
          "delinquent": false,
          "description": null,
          "discount": null,
          "email": null,
          "livemode": false,
          "metadata": {
            "country_code": "NL",
            "other": "random",
            "vat_registered": "false"
          },
          "shipping": null,
          "sources": {
            "object": "list",
            "data": [
              {
                "id": "card_18Wk0c2nHroS7mLXCuSTdMla",
                "object": "card",
                "address_city": null,
                "address_country": null,
                "address_line1": null,
                "address_line1_check": null,
                "address_line2": null,
                "address_state": null,
                "address_zip": null,
                "address_zip_check": null,
                "brand": "Visa",
                "country": "US",
                "customer": "cus_8oMkzQOE404KtJ",
                "cvc_check": "pass",
                "dynamic_last4": null,
                "exp_month": 12,
                "exp_year": 2030,
                "fingerprint": "0K7oMWAQAFG7TEob",
                "funding": "credit",
                "last4": "4242",
                "metadata": {},
                "name": null,
                "tokenization_method": null
              }
            ],
            "has_more": false,
            "total_count": 1,
            "url": "/v1/customers/cus_8oMkzQOE404KtJ/sources"
          },
          "subscriptions": {
            "object": "list",
            "data": [],
            "has_more": false,
            "total_count": 0,
            "url": "/v1/customers/cus_8oMkzQOE404KtJ/subscriptions"
          }
        }
    http_version: 
  recorded_at: Wed, 13 Jul 2016 09:50:26 GMT
- request:
    method: get
    uri: https://api.stripe.com/v1/plans/test
    body:
      encoding: US-ASCII
      string: ''
    headers:
      Accept:
      - "*/*"
      Accept-Encoding:
      - gzip, deflate
      User-Agent:
      - Stripe/v1 RubyBindings/1.48.0
      Authorization:
      - "<AUTH>"
      Content-Type:
      - application/x-www-form-urlencoded
      Stripe-Version:
      - '2015-10-16'
      X-Stripe-Client-User-Agent:
      - '{"bindings_version":"1.48.0","lang":"ruby","lang_version":"2.3.1 p112 (2016-04-26)","platform":"x86_64-darwin14","engine":"ruby","publisher":"stripe","uname":"Darwin
        Mattiass-MacBook-Pro.local 14.5.0 Darwin Kernel Version 14.5.0: Wed Jul 29
        02:26:53 PDT 2015; root:xnu-2782.40.9~1/RELEASE_X86_64 x86_64","hostname":"Mattiass-MacBook-Pro.local"}'
  response:
    status:
      code: 200
      message: OK
    headers:
      Server:
      - nginx
      Date:
      - Wed, 13 Jul 2016 09:50:28 GMT
      Content-Type:
      - application/json
      Content-Length:
      - '272'
      Connection:
      - keep-alive
      Access-Control-Allow-Credentials:
      - 'true'
      Access-Control-Allow-Methods:
      - GET, POST, HEAD, OPTIONS, DELETE
      Access-Control-Allow-Origin:
      - "*"
      Access-Control-Max-Age:
      - '300'
      Cache-Control:
      - no-cache, no-store
      Request-Id:
      - req_8oMkLFpAtMcwA7
      Stripe-Version:
      - '2015-10-16'
      Strict-Transport-Security:
      - max-age=31556926; includeSubDomains
    body:
      encoding: UTF-8
      string: |
        {
          "id": "test",
          "object": "plan",
          "amount": 1499,
          "created": 1406556583,
          "currency": "usd",
          "interval": "month",
          "interval_count": 1,
          "livemode": false,
          "metadata": {},
          "name": "Test Plan",
          "statement_descriptor": null,
          "trial_period_days": null
        }
    http_version: 
  recorded_at: Wed, 13 Jul 2016 09:50:28 GMT
- request:
    method: post
    uri: https://api.stripe.com/v1/customers/cus_8oMkzQOE404KtJ/subscriptions
    body:
      encoding: UTF-8
      string: plan=test
    headers:
      Accept:
      - "*/*"
      Accept-Encoding:
      - gzip, deflate
      User-Agent:
      - Stripe/v1 RubyBindings/1.48.0
      Authorization:
      - "<AUTH>"
      Content-Type:
      - application/x-www-form-urlencoded
      Stripe-Version:
      - '2015-10-16'
      X-Stripe-Client-User-Agent:
      - '{"bindings_version":"1.48.0","lang":"ruby","lang_version":"2.3.1 p112 (2016-04-26)","platform":"x86_64-darwin14","engine":"ruby","publisher":"stripe","uname":"Darwin
        Mattiass-MacBook-Pro.local 14.5.0 Darwin Kernel Version 14.5.0: Wed Jul 29
        02:26:53 PDT 2015; root:xnu-2782.40.9~1/RELEASE_X86_64 x86_64","hostname":"Mattiass-MacBook-Pro.local"}'
      Content-Length:
      - '9'
  response:
    status:
      code: 200
      message: OK
    headers:
      Server:
      - nginx
      Date:
      - Wed, 13 Jul 2016 09:50:30 GMT
      Content-Type:
      - application/json
      Content-Length:
      - '804'
      Connection:
      - keep-alive
      Access-Control-Allow-Credentials:
      - 'true'
      Access-Control-Allow-Methods:
      - GET, POST, HEAD, OPTIONS, DELETE
      Access-Control-Allow-Origin:
      - "*"
      Access-Control-Max-Age:
      - '300'
      Cache-Control:
      - no-cache, no-store
      Request-Id:
      - req_8oMkK6mlMRNTwt
      Stripe-Version:
      - '2015-10-16'
      Strict-Transport-Security:
      - max-age=31556926; includeSubDomains
    body:
      encoding: UTF-8
      string: |
        {
          "id": "sub_8oMkqFBHUZIgVU",
          "object": "subscription",
          "application_fee_percent": null,
          "cancel_at_period_end": false,
          "canceled_at": null,
          "created": 1468403428,
          "current_period_end": 1471081828,
          "current_period_start": 1468403428,
          "customer": "cus_8oMkzQOE404KtJ",
          "discount": null,
          "ended_at": null,
          "livemode": false,
          "metadata": {},
          "plan": {
            "id": "test",
            "object": "plan",
            "amount": 1499,
            "created": 1406556583,
            "currency": "usd",
            "interval": "month",
            "interval_count": 1,
            "livemode": false,
            "metadata": {},
            "name": "Test Plan",
            "statement_descriptor": null,
            "trial_period_days": null
          },
          "quantity": 1,
          "start": 1468403428,
          "status": "active",
          "tax_percent": null,
          "trial_end": null,
          "trial_start": null
        }
    http_version: 
  recorded_at: Wed, 13 Jul 2016 09:50:30 GMT
- request:
    method: get
    uri: https://api.stripe.com/v1/invoices?customer=cus_8oMkzQOE404KtJ
    body:
      encoding: US-ASCII
      string: ''
    headers:
      Accept:
      - "*/*"
      Accept-Encoding:
      - gzip, deflate
      User-Agent:
      - Stripe/v1 RubyBindings/1.48.0
      Authorization:
      - "<AUTH>"
      Content-Type:
      - application/x-www-form-urlencoded
      Stripe-Version:
      - '2015-10-16'
      X-Stripe-Client-User-Agent:
      - '{"bindings_version":"1.48.0","lang":"ruby","lang_version":"2.3.1 p112 (2016-04-26)","platform":"x86_64-darwin14","engine":"ruby","publisher":"stripe","uname":"Darwin
        Mattiass-MacBook-Pro.local 14.5.0 Darwin Kernel Version 14.5.0: Wed Jul 29
        02:26:53 PDT 2015; root:xnu-2782.40.9~1/RELEASE_X86_64 x86_64","hostname":"Mattiass-MacBook-Pro.local"}'
  response:
    status:
      code: 200
      message: OK
    headers:
      Server:
      - nginx
      Date:
      - Wed, 13 Jul 2016 09:50:30 GMT
      Content-Type:
      - application/json
      Content-Length:
      - '2139'
      Connection:
      - keep-alive
      Access-Control-Allow-Credentials:
      - 'true'
      Access-Control-Allow-Methods:
      - GET, POST, HEAD, OPTIONS, DELETE
      Access-Control-Allow-Origin:
      - "*"
      Access-Control-Max-Age:
      - '300'
      Cache-Control:
      - no-cache, no-store
      Request-Id:
      - req_8oMk3a0rOVFwux
      Stripe-Version:
      - '2015-10-16'
      Strict-Transport-Security:
      - max-age=31556926; includeSubDomains
    body:
      encoding: UTF-8
      string: |
        {
          "object": "list",
          "data": [
            {
              "id": "in_18Wk0e2nHroS7mLXxMd9CGfp",
              "object": "invoice",
              "amount_due": 1499,
              "application_fee": null,
              "attempt_count": 1,
              "attempted": true,
              "charge": "ch_18Wk0e2nHroS7mLXBXtT00Cc",
              "closed": true,
              "currency": "usd",
              "customer": "cus_8oMkzQOE404KtJ",
              "date": 1468403428,
              "description": null,
              "discount": null,
              "ending_balance": 0,
              "forgiven": false,
              "lines": {
                "object": "list",
                "data": [
                  {
                    "id": "sub_8oMkqFBHUZIgVU",
                    "object": "line_item",
                    "amount": 1499,
                    "currency": "usd",
                    "description": null,
                    "discountable": true,
                    "livemode": false,
                    "metadata": {},
                    "period": {
                      "start": 1468403428,
                      "end": 1471081828
                    },
                    "plan": {
                      "id": "test",
                      "object": "plan",
                      "amount": 1499,
                      "created": 1406556583,
                      "currency": "usd",
                      "interval": "month",
                      "interval_count": 1,
                      "livemode": false,
                      "metadata": {},
                      "name": "Test Plan",
                      "statement_descriptor": null,
                      "trial_period_days": null
                    },
                    "proration": false,
                    "quantity": 1,
                    "subscription": null,
                    "type": "subscription"
                  }
                ],
                "has_more": false,
                "total_count": 1,
                "url": "/v1/invoices/in_18Wk0e2nHroS7mLXxMd9CGfp/lines"
              },
              "livemode": false,
              "metadata": {},
              "next_payment_attempt": null,
              "paid": true,
              "period_end": 1468403428,
              "period_start": 1468403428,
              "receipt_number": null,
              "starting_balance": 0,
              "statement_descriptor": null,
              "subscription": "sub_8oMkqFBHUZIgVU",
              "subtotal": 1499,
              "tax": null,
              "tax_percent": null,
              "total": 1499,
              "webhooks_delivered_at": null
            }
          ],
          "has_more": false,
          "url": "/v1/invoices"
        }
    http_version: 
  recorded_at: Wed, 13 Jul 2016 09:50:30 GMT
- request:
    method: get
    uri: https://api.stripe.com/v1/charges/ch_18Wk0e2nHroS7mLXBXtT00Cc
    body:
      encoding: US-ASCII
      string: ''
    headers:
      Accept:
      - "*/*"
      Accept-Encoding:
      - gzip, deflate
      User-Agent:
      - Stripe/v1 RubyBindings/1.48.0
      Authorization:
      - "<AUTH>"
      Content-Type:
      - application/x-www-form-urlencoded
      Stripe-Version:
      - '2015-10-16'
      X-Stripe-Client-User-Agent:
      - '{"bindings_version":"1.48.0","lang":"ruby","lang_version":"2.3.1 p112 (2016-04-26)","platform":"x86_64-darwin14","engine":"ruby","publisher":"stripe","uname":"Darwin
        Mattiass-MacBook-Pro.local 14.5.0 Darwin Kernel Version 14.5.0: Wed Jul 29
        02:26:53 PDT 2015; root:xnu-2782.40.9~1/RELEASE_X86_64 x86_64","hostname":"Mattiass-MacBook-Pro.local"}'
  response:
    status:
      code: 200
      message: OK
    headers:
      Server:
      - nginx
      Date:
      - Wed, 13 Jul 2016 09:50:31 GMT
      Content-Type:
      - application/json
      Content-Length:
      - '1526'
      Connection:
      - keep-alive
      Access-Control-Allow-Credentials:
      - 'true'
      Access-Control-Allow-Methods:
      - GET, POST, HEAD, OPTIONS, DELETE
      Access-Control-Allow-Origin:
      - "*"
      Access-Control-Max-Age:
      - '300'
      Cache-Control:
      - no-cache, no-store
      Request-Id:
      - req_8oMksbJWFAc1sz
      Stripe-Version:
      - '2015-10-16'
      Strict-Transport-Security:
      - max-age=31556926; includeSubDomains
    body:
      encoding: UTF-8
      string: |
        {
          "id": "ch_18Wk0e2nHroS7mLXBXtT00Cc",
          "object": "charge",
          "amount": 1499,
          "amount_refunded": 0,
          "application_fee": null,
          "balance_transaction": "txn_18Wk0e2nHroS7mLXBB6F1TUL",
          "captured": true,
          "created": 1468403428,
          "currency": "usd",
          "customer": "cus_8oMkzQOE404KtJ",
          "description": null,
          "destination": null,
          "dispute": null,
          "failure_code": null,
          "failure_message": null,
          "fraud_details": {},
          "invoice": "in_18Wk0e2nHroS7mLXxMd9CGfp",
          "livemode": false,
          "metadata": {},
          "order": null,
          "paid": true,
          "receipt_email": null,
          "receipt_number": null,
          "refunded": false,
          "refunds": {
            "object": "list",
            "data": [],
            "has_more": false,
            "total_count": 0,
            "url": "/v1/charges/ch_18Wk0e2nHroS7mLXBXtT00Cc/refunds"
          },
          "shipping": null,
          "source": {
            "id": "card_18Wk0c2nHroS7mLXCuSTdMla",
            "object": "card",
            "address_city": null,
            "address_country": null,
            "address_line1": null,
            "address_line1_check": null,
            "address_line2": null,
            "address_state": null,
            "address_zip": null,
            "address_zip_check": null,
            "brand": "Visa",
            "country": "US",
            "customer": "cus_8oMkzQOE404KtJ",
            "cvc_check": "pass",
            "dynamic_last4": null,
            "exp_month": 12,
            "exp_year": 2030,
            "fingerprint": "0K7oMWAQAFG7TEob",
            "funding": "credit",
            "last4": "4242",
            "metadata": {},
            "name": null,
            "tokenization_method": null
          },
          "source_transfer": null,
          "statement_descriptor": null,
          "status": "succeeded"
        }
    http_version: 
  recorded_at: Wed, 13 Jul 2016 09:50:31 GMT
- request:
    method: get
    uri: https://api.stripe.com/v1/invoices/in_18Wk0e2nHroS7mLXxMd9CGfp
    body:
      encoding: US-ASCII
      string: ''
    headers:
      Accept:
      - "*/*"
      Accept-Encoding:
      - gzip, deflate
      User-Agent:
      - Stripe/v1 RubyBindings/1.48.0
      Authorization:
      - "<AUTH>"
      Content-Type:
      - application/x-www-form-urlencoded
      Stripe-Version:
      - '2015-10-16'
      X-Stripe-Client-User-Agent:
      - '{"bindings_version":"1.48.0","lang":"ruby","lang_version":"2.3.1 p112 (2016-04-26)","platform":"x86_64-darwin14","engine":"ruby","publisher":"stripe","uname":"Darwin
        Mattiass-MacBook-Pro.local 14.5.0 Darwin Kernel Version 14.5.0: Wed Jul 29
        02:26:53 PDT 2015; root:xnu-2782.40.9~1/RELEASE_X86_64 x86_64","hostname":"Mattiass-MacBook-Pro.local"}'
  response:
    status:
      code: 200
      message: OK
    headers:
      Server:
      - nginx
      Date:
      - Wed, 13 Jul 2016 09:50:32 GMT
      Content-Type:
      - application/json
      Content-Length:
      - '1765'
      Connection:
      - keep-alive
      Access-Control-Allow-Credentials:
      - 'true'
      Access-Control-Allow-Methods:
      - GET, POST, HEAD, OPTIONS, DELETE
      Access-Control-Allow-Origin:
      - "*"
      Access-Control-Max-Age:
      - '300'
      Cache-Control:
      - no-cache, no-store
      Request-Id:
      - req_8oMkpIDwV1VOKm
      Stripe-Version:
      - '2015-10-16'
      Strict-Transport-Security:
      - max-age=31556926; includeSubDomains
    body:
      encoding: UTF-8
      string: |
        {
          "id": "in_18Wk0e2nHroS7mLXxMd9CGfp",
          "object": "invoice",
          "amount_due": 1499,
          "application_fee": null,
          "attempt_count": 1,
          "attempted": true,
          "charge": "ch_18Wk0e2nHroS7mLXBXtT00Cc",
          "closed": true,
          "currency": "usd",
          "customer": "cus_8oMkzQOE404KtJ",
          "date": 1468403428,
          "description": null,
          "discount": null,
          "ending_balance": 0,
          "forgiven": false,
          "lines": {
            "object": "list",
            "data": [
              {
                "id": "sub_8oMkqFBHUZIgVU",
                "object": "line_item",
                "amount": 1499,
                "currency": "usd",
                "description": null,
                "discountable": true,
                "livemode": false,
                "metadata": {},
                "period": {
                  "start": 1468403428,
                  "end": 1471081828
                },
                "plan": {
                  "id": "test",
                  "object": "plan",
                  "amount": 1499,
                  "created": 1406556583,
                  "currency": "usd",
                  "interval": "month",
                  "interval_count": 1,
                  "livemode": false,
                  "metadata": {},
                  "name": "Test Plan",
                  "statement_descriptor": null,
                  "trial_period_days": null
                },
                "proration": false,
                "quantity": 1,
                "subscription": null,
                "type": "subscription"
              }
            ],
            "has_more": false,
            "total_count": 1,
            "url": "/v1/invoices/in_18Wk0e2nHroS7mLXxMd9CGfp/lines"
          },
          "livemode": false,
          "metadata": {},
          "next_payment_attempt": null,
          "paid": true,
          "period_end": 1468403428,
          "period_start": 1468403428,
          "receipt_number": null,
          "starting_balance": 0,
          "statement_descriptor": null,
          "subscription": "sub_8oMkqFBHUZIgVU",
          "subtotal": 1499,
          "tax": null,
          "tax_percent": null,
          "total": 1499,
          "webhooks_delivered_at": null
        }
    http_version: 
  recorded_at: Wed, 13 Jul 2016 09:50:32 GMT
- request:
    method: get
    uri: https://api.stripe.com/v1/subscriptions/sub_8oMkqFBHUZIgVU
    body:
      encoding: US-ASCII
      string: ''
    headers:
      Accept:
      - "*/*"
      Accept-Encoding:
      - gzip, deflate
      User-Agent:
      - Stripe/v1 RubyBindings/1.48.0
      Authorization:
      - "<AUTH>"
      Content-Type:
      - application/x-www-form-urlencoded
      Stripe-Version:
      - '2015-10-16'
      X-Stripe-Client-User-Agent:
      - '{"bindings_version":"1.48.0","lang":"ruby","lang_version":"2.3.1 p112 (2016-04-26)","platform":"x86_64-darwin14","engine":"ruby","publisher":"stripe","uname":"Darwin
        Mattiass-MacBook-Pro.local 14.5.0 Darwin Kernel Version 14.5.0: Wed Jul 29
        02:26:53 PDT 2015; root:xnu-2782.40.9~1/RELEASE_X86_64 x86_64","hostname":"Mattiass-MacBook-Pro.local"}'
  response:
    status:
      code: 200
      message: OK
    headers:
      Server:
      - nginx
      Date:
      - Wed, 13 Jul 2016 09:50:33 GMT
      Content-Type:
      - application/json
      Content-Length:
      - '804'
      Connection:
      - keep-alive
      Access-Control-Allow-Credentials:
      - 'true'
      Access-Control-Allow-Methods:
      - GET, POST, HEAD, OPTIONS, DELETE
      Access-Control-Allow-Origin:
      - "*"
      Access-Control-Max-Age:
      - '300'
      Cache-Control:
      - no-cache, no-store
      Request-Id:
      - req_8oMkp2WitnAgX4
      Stripe-Version:
      - '2015-10-16'
      Strict-Transport-Security:
      - max-age=31556926; includeSubDomains
    body:
      encoding: UTF-8
      string: |
        {
          "id": "sub_8oMkqFBHUZIgVU",
          "object": "subscription",
          "application_fee_percent": null,
          "cancel_at_period_end": false,
          "canceled_at": null,
          "created": 1468403428,
          "current_period_end": 1471081828,
          "current_period_start": 1468403428,
          "customer": "cus_8oMkzQOE404KtJ",
          "discount": null,
          "ended_at": null,
          "livemode": false,
          "metadata": {},
          "plan": {
            "id": "test",
            "object": "plan",
            "amount": 1499,
            "created": 1406556583,
            "currency": "usd",
            "interval": "month",
            "interval_count": 1,
            "livemode": false,
            "metadata": {},
            "name": "Test Plan",
            "statement_descriptor": null,
            "trial_period_days": null
          },
          "quantity": 1,
          "start": 1468403428,
          "status": "active",
          "tax_percent": null,
          "trial_end": null,
          "trial_start": null
        }
    http_version: 
  recorded_at: Wed, 13 Jul 2016 09:50:33 GMT
- request:
    method: get
    uri: https://api.stripe.com/v1/customers/cus_8oMkzQOE404KtJ
    body:
      encoding: US-ASCII
      string: ''
    headers:
      Accept:
      - "*/*"
      Accept-Encoding:
      - gzip, deflate
      User-Agent:
      - Stripe/v1 RubyBindings/1.48.0
      Authorization:
      - "<AUTH>"
      Content-Type:
      - application/x-www-form-urlencoded
      Stripe-Version:
      - '2015-10-16'
      X-Stripe-Client-User-Agent:
      - '{"bindings_version":"1.48.0","lang":"ruby","lang_version":"2.3.1 p112 (2016-04-26)","platform":"x86_64-darwin14","engine":"ruby","publisher":"stripe","uname":"Darwin
        Mattiass-MacBook-Pro.local 14.5.0 Darwin Kernel Version 14.5.0: Wed Jul 29
        02:26:53 PDT 2015; root:xnu-2782.40.9~1/RELEASE_X86_64 x86_64","hostname":"Mattiass-MacBook-Pro.local"}'
  response:
    status:
      code: 200
      message: OK
    headers:
      Server:
      - nginx
      Date:
      - Wed, 13 Jul 2016 09:50:33 GMT
      Content-Type:
      - application/json
      Content-Length:
      - '2482'
      Connection:
      - keep-alive
      Access-Control-Allow-Credentials:
      - 'true'
      Access-Control-Allow-Methods:
      - GET, POST, HEAD, OPTIONS, DELETE
      Access-Control-Allow-Origin:
      - "*"
      Access-Control-Max-Age:
      - '300'
      Cache-Control:
      - no-cache, no-store
      Request-Id:
      - req_8oMkUmsemqvFcp
      Stripe-Version:
      - '2015-10-16'
      Strict-Transport-Security:
      - max-age=31556926; includeSubDomains
    body:
      encoding: UTF-8
      string: |
        {
          "id": "cus_8oMkzQOE404KtJ",
          "object": "customer",
          "account_balance": 0,
          "created": 1468403426,
          "currency": "usd",
          "default_source": "card_18Wk0c2nHroS7mLXCuSTdMla",
          "delinquent": false,
          "description": null,
          "discount": null,
          "email": null,
          "livemode": false,
          "metadata": {
            "country_code": "NL",
            "other": "random",
            "vat_registered": "false"
          },
          "shipping": null,
          "sources": {
            "object": "list",
            "data": [
              {
                "id": "card_18Wk0c2nHroS7mLXCuSTdMla",
                "object": "card",
                "address_city": null,
                "address_country": null,
                "address_line1": null,
                "address_line1_check": null,
                "address_line2": null,
                "address_state": null,
                "address_zip": null,
                "address_zip_check": null,
                "brand": "Visa",
                "country": "US",
                "customer": "cus_8oMkzQOE404KtJ",
                "cvc_check": "pass",
                "dynamic_last4": null,
                "exp_month": 12,
                "exp_year": 2030,
                "fingerprint": "0K7oMWAQAFG7TEob",
                "funding": "credit",
                "last4": "4242",
                "metadata": {},
                "name": null,
                "tokenization_method": null
              }
            ],
            "has_more": false,
            "total_count": 1,
            "url": "/v1/customers/cus_8oMkzQOE404KtJ/sources"
          },
          "subscriptions": {
            "object": "list",
            "data": [
              {
                "id": "sub_8oMkqFBHUZIgVU",
                "object": "subscription",
                "application_fee_percent": null,
                "cancel_at_period_end": false,
                "canceled_at": null,
                "created": 1468403428,
                "current_period_end": 1471081828,
                "current_period_start": 1468403428,
                "customer": "cus_8oMkzQOE404KtJ",
                "discount": null,
                "ended_at": null,
                "livemode": false,
                "metadata": {},
                "plan": {
                  "id": "test",
                  "object": "plan",
                  "amount": 1499,
                  "created": 1406556583,
                  "currency": "usd",
                  "interval": "month",
                  "interval_count": 1,
                  "livemode": false,
                  "metadata": {},
                  "name": "Test Plan",
                  "statement_descriptor": null,
                  "trial_period_days": null
                },
                "quantity": 1,
                "start": 1468403428,
                "status": "active",
                "tax_percent": null,
                "trial_end": null,
                "trial_start": null
              }
            ],
            "has_more": false,
            "total_count": 1,
            "url": "/v1/customers/cus_8oMkzQOE404KtJ/subscriptions"
          }
        }
    http_version: 
  recorded_at: Wed, 13 Jul 2016 09:50:34 GMT
- request:
    method: get
    uri: https://api.stripe.com/v1/charges/ch_18Wk0e2nHroS7mLXBXtT00Cc
    body:
      encoding: US-ASCII
      string: ''
    headers:
      Accept:
      - "*/*"
      Accept-Encoding:
      - gzip, deflate
      User-Agent:
      - Stripe/v1 RubyBindings/1.48.0
      Authorization:
      - "<AUTH>"
      Content-Type:
      - application/x-www-form-urlencoded
      Stripe-Version:
      - '2015-10-16'
      X-Stripe-Client-User-Agent:
      - '{"bindings_version":"1.48.0","lang":"ruby","lang_version":"2.3.1 p112 (2016-04-26)","platform":"x86_64-darwin14","engine":"ruby","publisher":"stripe","uname":"Darwin
        Mattiass-MacBook-Pro.local 14.5.0 Darwin Kernel Version 14.5.0: Wed Jul 29
        02:26:53 PDT 2015; root:xnu-2782.40.9~1/RELEASE_X86_64 x86_64","hostname":"Mattiass-MacBook-Pro.local"}'
  response:
    status:
      code: 200
      message: OK
    headers:
      Server:
      - nginx
      Date:
      - Wed, 13 Jul 2016 09:50:34 GMT
      Content-Type:
      - application/json
      Content-Length:
      - '1526'
      Connection:
      - keep-alive
      Access-Control-Allow-Credentials:
      - 'true'
      Access-Control-Allow-Methods:
      - GET, POST, HEAD, OPTIONS, DELETE
      Access-Control-Allow-Origin:
      - "*"
      Access-Control-Max-Age:
      - '300'
      Cache-Control:
      - no-cache, no-store
      Request-Id:
      - req_8oMkPaAIjZIWAB
      Stripe-Version:
      - '2015-10-16'
      Strict-Transport-Security:
      - max-age=31556926; includeSubDomains
    body:
      encoding: UTF-8
      string: |
        {
          "id": "ch_18Wk0e2nHroS7mLXBXtT00Cc",
          "object": "charge",
          "amount": 1499,
          "amount_refunded": 0,
          "application_fee": null,
          "balance_transaction": "txn_18Wk0e2nHroS7mLXBB6F1TUL",
          "captured": true,
          "created": 1468403428,
          "currency": "usd",
          "customer": "cus_8oMkzQOE404KtJ",
          "description": null,
          "destination": null,
          "dispute": null,
          "failure_code": null,
          "failure_message": null,
          "fraud_details": {},
          "invoice": "in_18Wk0e2nHroS7mLXxMd9CGfp",
          "livemode": false,
          "metadata": {},
          "order": null,
          "paid": true,
          "receipt_email": null,
          "receipt_number": null,
          "refunded": false,
          "refunds": {
            "object": "list",
            "data": [],
            "has_more": false,
            "total_count": 0,
            "url": "/v1/charges/ch_18Wk0e2nHroS7mLXBXtT00Cc/refunds"
          },
          "shipping": null,
          "source": {
            "id": "card_18Wk0c2nHroS7mLXCuSTdMla",
            "object": "card",
            "address_city": null,
            "address_country": null,
            "address_line1": null,
            "address_line1_check": null,
            "address_line2": null,
            "address_state": null,
            "address_zip": null,
            "address_zip_check": null,
            "brand": "Visa",
            "country": "US",
            "customer": "cus_8oMkzQOE404KtJ",
            "cvc_check": "pass",
            "dynamic_last4": null,
            "exp_month": 12,
            "exp_year": 2030,
            "fingerprint": "0K7oMWAQAFG7TEob",
            "funding": "credit",
            "last4": "4242",
            "metadata": {},
            "name": null,
            "tokenization_method": null
          },
          "source_transfer": null,
          "statement_descriptor": null,
          "status": "succeeded"
        }
    http_version: 
  recorded_at: Wed, 13 Jul 2016 09:50:34 GMT
- request:
    method: get
    uri: https://api.stripe.com/v1/customers/cus_8oMkzQOE404KtJ
    body:
      encoding: US-ASCII
      string: ''
    headers:
      Accept:
      - "*/*"
      Accept-Encoding:
      - gzip, deflate
      User-Agent:
      - Stripe/v1 RubyBindings/1.48.0
      Authorization:
      - "<AUTH>"
      Content-Type:
      - application/x-www-form-urlencoded
      Stripe-Version:
      - '2015-10-16'
      X-Stripe-Client-User-Agent:
      - '{"bindings_version":"1.48.0","lang":"ruby","lang_version":"2.3.1 p112 (2016-04-26)","platform":"x86_64-darwin14","engine":"ruby","publisher":"stripe","uname":"Darwin
        Mattiass-MacBook-Pro.local 14.5.0 Darwin Kernel Version 14.5.0: Wed Jul 29
        02:26:53 PDT 2015; root:xnu-2782.40.9~1/RELEASE_X86_64 x86_64","hostname":"Mattiass-MacBook-Pro.local"}'
  response:
    status:
      code: 200
      message: OK
    headers:
      Server:
      - nginx
      Date:
      - Wed, 13 Jul 2016 09:50:33 GMT
      Content-Type:
      - application/json
      Content-Length:
      - '2482'
      Connection:
      - keep-alive
      Access-Control-Allow-Credentials:
      - 'true'
      Access-Control-Allow-Methods:
      - GET, POST, HEAD, OPTIONS, DELETE
      Access-Control-Allow-Origin:
      - "*"
      Access-Control-Max-Age:
      - '300'
      Cache-Control:
      - no-cache, no-store
      Request-Id:
      - req_8oMkUmsemqvFcp
      Stripe-Version:
      - '2015-10-16'
      Strict-Transport-Security:
      - max-age=31556926; includeSubDomains
    body:
      encoding: UTF-8
      string: |
        {
          "id": "cus_8oMkzQOE404KtJ",
          "object": "customer",
          "account_balance": 0,
          "created": 1468403426,
          "currency": "usd",
          "default_source": "card_18Wk0c2nHroS7mLXCuSTdMla",
          "delinquent": false,
          "description": null,
          "discount": null,
          "email": null,
          "livemode": false,
          "metadata": {
            "country_code": "NL",
            "other": "random",
            "vat_registered": "false"
          },
          "shipping": null,
          "sources": {
            "object": "list",
            "data": [
              {
                "id": "card_18Wk0c2nHroS7mLXCuSTdMla",
                "object": "card",
                "address_city": null,
                "address_country": null,
                "address_line1": null,
                "address_line1_check": null,
                "address_line2": null,
                "address_state": null,
                "address_zip": null,
                "address_zip_check": null,
                "brand": "Visa",
                "country": "US",
                "customer": "cus_8oMkzQOE404KtJ",
                "cvc_check": "pass",
                "dynamic_last4": null,
                "exp_month": 12,
                "exp_year": 2030,
                "fingerprint": "0K7oMWAQAFG7TEob",
                "funding": "credit",
                "last4": "4242",
                "metadata": {},
                "name": null,
                "tokenization_method": null
              }
            ],
            "has_more": false,
            "total_count": 1,
            "url": "/v1/customers/cus_8oMkzQOE404KtJ/sources"
          },
          "subscriptions": {
            "object": "list",
            "data": [
              {
                "id": "sub_8oMkqFBHUZIgVU",
                "object": "subscription",
                "application_fee_percent": null,
                "cancel_at_period_end": false,
                "canceled_at": null,
                "created": 1468403428,
                "current_period_end": 1471081828,
                "current_period_start": 1468403428,
                "customer": "cus_8oMkzQOE404KtJ",
                "discount": null,
                "ended_at": null,
                "livemode": false,
                "metadata": {},
                "plan": {
                  "id": "test",
                  "object": "plan",
                  "amount": 1499,
                  "created": 1406556583,
                  "currency": "usd",
                  "interval": "month",
                  "interval_count": 1,
                  "livemode": false,
                  "metadata": {},
                  "name": "Test Plan",
                  "statement_descriptor": null,
                  "trial_period_days": null
                },
                "quantity": 1,
                "start": 1468403428,
                "status": "active",
                "tax_percent": null,
                "trial_end": null,
                "trial_start": null
              }
            ],
            "has_more": false,
            "total_count": 1,
            "url": "/v1/customers/cus_8oMkzQOE404KtJ/subscriptions"
          }
        }
    http_version:
  recorded_at: Wed, 13 Jul 2016 09:50:34 GMT
- request:
    method: post
    uri: https://api.stripe.com/v1/charges/ch_18Wk0e2nHroS7mLXBXtT00Cc/refunds
    body:
      encoding: ASCII-8BIT
      string: ''
    headers:
      Accept:
      - "*/*"
      Accept-Encoding:
      - gzip, deflate
      User-Agent:
      - Stripe/v1 RubyBindings/1.48.0
      Authorization:
      - "<AUTH>"
      Content-Type:
      - application/x-www-form-urlencoded
      Stripe-Version:
      - '2015-10-16'
      X-Stripe-Client-User-Agent:
      - '{"bindings_version":"1.48.0","lang":"ruby","lang_version":"2.3.1 p112 (2016-04-26)","platform":"x86_64-darwin14","engine":"ruby","publisher":"stripe","uname":"Darwin
        Mattiass-MacBook-Pro.local 14.5.0 Darwin Kernel Version 14.5.0: Wed Jul 29
        02:26:53 PDT 2015; root:xnu-2782.40.9~1/RELEASE_X86_64 x86_64","hostname":"Mattiass-MacBook-Pro.local"}'
      Content-Length:
      - '0'
  response:
    status:
      code: 200
      message: OK
    headers:
      Server:
      - nginx
      Date:
      - Wed, 13 Jul 2016 09:50:35 GMT
      Content-Type:
      - application/json
      Content-Length:
      - '315'
      Connection:
      - keep-alive
      Access-Control-Allow-Credentials:
      - 'true'
      Access-Control-Allow-Methods:
      - GET, POST, HEAD, OPTIONS, DELETE
      Access-Control-Allow-Origin:
      - "*"
      Access-Control-Max-Age:
      - '300'
      Cache-Control:
      - no-cache, no-store
      Request-Id:
      - req_8oMkCQnKSKr1jj
      Stripe-Version:
      - '2015-10-16'
      Strict-Transport-Security:
      - max-age=31556926; includeSubDomains
    body:
      encoding: UTF-8
      string: |
        {
          "id": "re_18Wk0l2nHroS7mLXTC7492at",
          "object": "refund",
          "amount": 1499,
          "balance_transaction": "txn_18Wk0l2nHroS7mLXl8vZJFI4",
          "charge": "ch_18Wk0e2nHroS7mLXBXtT00Cc",
          "created": 1468403435,
          "currency": "usd",
          "metadata": {},
          "reason": null,
          "receipt_number": null,
          "status": "succeeded"
        }
    http_version: 
  recorded_at: Wed, 13 Jul 2016 09:50:35 GMT
- request:
    method: get
    uri: https://api.stripe.com/v1/charges/ch_18Wk0e2nHroS7mLXBXtT00Cc
    body:
      encoding: US-ASCII
      string: ''
    headers:
      Accept:
      - "*/*"
      Accept-Encoding:
      - gzip, deflate
      User-Agent:
      - Stripe/v1 RubyBindings/1.48.0
      Authorization:
      - "<AUTH>"
      Content-Type:
      - application/x-www-form-urlencoded
      Stripe-Version:
      - '2015-10-16'
      X-Stripe-Client-User-Agent:
      - '{"bindings_version":"1.48.0","lang":"ruby","lang_version":"2.3.1 p112 (2016-04-26)","platform":"x86_64-darwin14","engine":"ruby","publisher":"stripe","uname":"Darwin
        Mattiass-MacBook-Pro.local 14.5.0 Darwin Kernel Version 14.5.0: Wed Jul 29
        02:26:53 PDT 2015; root:xnu-2782.40.9~1/RELEASE_X86_64 x86_64","hostname":"Mattiass-MacBook-Pro.local"}'
  response:
    status:
      code: 200
      message: OK
    headers:
      Server:
      - nginx
      Date:
      - Wed, 13 Jul 2016 09:50:36 GMT
      Content-Type:
      - application/json
      Content-Length:
      - '1926'
      Connection:
      - keep-alive
      Access-Control-Allow-Credentials:
      - 'true'
      Access-Control-Allow-Methods:
      - GET, POST, HEAD, OPTIONS, DELETE
      Access-Control-Allow-Origin:
      - "*"
      Access-Control-Max-Age:
      - '300'
      Cache-Control:
      - no-cache, no-store
      Request-Id:
      - req_8oMkwtcWw7KoWY
      Stripe-Version:
      - '2015-10-16'
      Strict-Transport-Security:
      - max-age=31556926; includeSubDomains
    body:
      encoding: UTF-8
      string: |
        {
          "id": "ch_18Wk0e2nHroS7mLXBXtT00Cc",
          "object": "charge",
          "amount": 1499,
          "amount_refunded": 1499,
          "application_fee": null,
          "balance_transaction": "txn_18Wk0e2nHroS7mLXBB6F1TUL",
          "captured": true,
          "created": 1468403428,
          "currency": "usd",
          "customer": "cus_8oMkzQOE404KtJ",
          "description": null,
          "destination": null,
          "dispute": null,
          "failure_code": null,
          "failure_message": null,
          "fraud_details": {},
          "invoice": "in_18Wk0e2nHroS7mLXxMd9CGfp",
          "livemode": false,
          "metadata": {},
          "order": null,
          "paid": true,
          "receipt_email": null,
          "receipt_number": null,
          "refunded": true,
          "refunds": {
            "object": "list",
            "data": [
              {
                "id": "re_18Wk0l2nHroS7mLXTC7492at",
                "object": "refund",
                "amount": 1499,
                "balance_transaction": "txn_18Wk0l2nHroS7mLXl8vZJFI4",
                "charge": "ch_18Wk0e2nHroS7mLXBXtT00Cc",
                "created": 1468403435,
                "currency": "usd",
                "metadata": {},
                "reason": null,
                "receipt_number": null,
                "status": "succeeded"
              }
            ],
            "has_more": false,
            "total_count": 1,
            "url": "/v1/charges/ch_18Wk0e2nHroS7mLXBXtT00Cc/refunds"
          },
          "shipping": null,
          "source": {
            "id": "card_18Wk0c2nHroS7mLXCuSTdMla",
            "object": "card",
            "address_city": null,
            "address_country": null,
            "address_line1": null,
            "address_line1_check": null,
            "address_line2": null,
            "address_state": null,
            "address_zip": null,
            "address_zip_check": null,
            "brand": "Visa",
            "country": "US",
            "customer": "cus_8oMkzQOE404KtJ",
            "cvc_check": "pass",
            "dynamic_last4": null,
            "exp_month": 12,
            "exp_year": 2030,
            "fingerprint": "0K7oMWAQAFG7TEob",
            "funding": "credit",
            "last4": "4242",
            "metadata": {},
            "name": null,
            "tokenization_method": null
          },
          "source_transfer": null,
          "statement_descriptor": null,
          "status": "succeeded"
        }
    http_version: 
  recorded_at: Wed, 13 Jul 2016 09:50:36 GMT
- request:
    method: get
    uri: https://api.stripe.com/v1/charges/ch_18Wk0e2nHroS7mLXBXtT00Cc
    body:
      encoding: US-ASCII
      string: ''
    headers:
      Accept:
      - "*/*"
      Accept-Encoding:
      - gzip, deflate
      User-Agent:
      - Stripe/v1 RubyBindings/1.48.0
      Authorization:
      - "<AUTH>"
      Content-Type:
      - application/x-www-form-urlencoded
      Stripe-Version:
      - '2015-10-16'
      X-Stripe-Client-User-Agent:
      - '{"bindings_version":"1.48.0","lang":"ruby","lang_version":"2.3.1 p112 (2016-04-26)","platform":"x86_64-darwin14","engine":"ruby","publisher":"stripe","uname":"Darwin
        Mattiass-MacBook-Pro.local 14.5.0 Darwin Kernel Version 14.5.0: Wed Jul 29
        02:26:53 PDT 2015; root:xnu-2782.40.9~1/RELEASE_X86_64 x86_64","hostname":"Mattiass-MacBook-Pro.local"}'
  response:
    status:
      code: 200
      message: OK
    headers:
      Server:
      - nginx
      Date:
      - Wed, 13 Jul 2016 09:50:37 GMT
      Content-Type:
      - application/json
      Content-Length:
      - '1926'
      Connection:
      - keep-alive
      Access-Control-Allow-Credentials:
      - 'true'
      Access-Control-Allow-Methods:
      - GET, POST, HEAD, OPTIONS, DELETE
      Access-Control-Allow-Origin:
      - "*"
      Access-Control-Max-Age:
      - '300'
      Cache-Control:
      - no-cache, no-store
      Request-Id:
      - req_8oMkgq9mkZJzKs
      Stripe-Version:
      - '2015-10-16'
      Strict-Transport-Security:
      - max-age=31556926; includeSubDomains
    body:
      encoding: UTF-8
      string: |
        {
          "id": "ch_18Wk0e2nHroS7mLXBXtT00Cc",
          "object": "charge",
          "amount": 1499,
          "amount_refunded": 1499,
          "application_fee": null,
          "balance_transaction": "txn_18Wk0e2nHroS7mLXBB6F1TUL",
          "captured": true,
          "created": 1468403428,
          "currency": "usd",
          "customer": "cus_8oMkzQOE404KtJ",
          "description": null,
          "destination": null,
          "dispute": null,
          "failure_code": null,
          "failure_message": null,
          "fraud_details": {},
          "invoice": "in_18Wk0e2nHroS7mLXxMd9CGfp",
          "livemode": false,
          "metadata": {},
          "order": null,
          "paid": true,
          "receipt_email": null,
          "receipt_number": null,
          "refunded": true,
          "refunds": {
            "object": "list",
            "data": [
              {
                "id": "re_18Wk0l2nHroS7mLXTC7492at",
                "object": "refund",
                "amount": 1499,
                "balance_transaction": "txn_18Wk0l2nHroS7mLXl8vZJFI4",
                "charge": "ch_18Wk0e2nHroS7mLXBXtT00Cc",
                "created": 1468403435,
                "currency": "usd",
                "metadata": {},
                "reason": null,
                "receipt_number": null,
                "status": "succeeded"
              }
            ],
            "has_more": false,
            "total_count": 1,
            "url": "/v1/charges/ch_18Wk0e2nHroS7mLXBXtT00Cc/refunds"
          },
          "shipping": null,
          "source": {
            "id": "card_18Wk0c2nHroS7mLXCuSTdMla",
            "object": "card",
            "address_city": null,
            "address_country": null,
            "address_line1": null,
            "address_line1_check": null,
            "address_line2": null,
            "address_state": null,
            "address_zip": null,
            "address_zip_check": null,
            "brand": "Visa",
            "country": "US",
            "customer": "cus_8oMkzQOE404KtJ",
            "cvc_check": "pass",
            "dynamic_last4": null,
            "exp_month": 12,
            "exp_year": 2030,
            "fingerprint": "0K7oMWAQAFG7TEob",
            "funding": "credit",
            "last4": "4242",
            "metadata": {},
            "name": null,
            "tokenization_method": null
          },
          "source_transfer": null,
          "statement_descriptor": null,
          "status": "succeeded"
        }
    http_version: 
  recorded_at: Wed, 13 Jul 2016 09:50:37 GMT
recorded_with: VCR 2.9.2
