---
http_interactions:
- request:
    method: post
    uri: https://api.stripe.com/v1/customers
    body:
      encoding: US-ASCII
      string: card[number]=4242424242424242&card[exp_month]=12&card[exp_year]=30&card[cvc]=222&metadata[country_code]=NL&metadata[vat_registered]=true&metadata[name]=John%20Doe&metadata[vat_number]=NL1234&metadata[address]=Doestreet
    headers:
      Accept:
      - "*/*; q=0.5, application/xml"
      Accept-Encoding:
      - gzip, deflate
      User-Agent:
      - Stripe/v1 RubyBindings/1.14.0
      Authorization:
      - "<AUTH>"
      Content-Type:
      - application/x-www-form-urlencoded
      Stripe-Version:
      - '2015-10-16'
      X-Stripe-Client-User-Agent:
      - '{"bindings_version":"1.14.0","lang":"ruby","lang_version":"2.2.3 p173 (2015-08-18)","platform":"x86_64-darwin14","publisher":"stripe","uname":"Darwin
        Mattiass-MacBook-Pro.local 14.5.0 Darwin Kernel Version 14.5.0: Wed Jul 29
        02:26:53 PDT 2015; root:xnu-2782.40.9~1/RELEASE_X86_64 x86_64"}'
      Content-Length:
      - '218'
  response:
    status:
      code: 200
      message: OK
    headers:
      Server:
      - nginx
      Date:
      - Sun, 03 Jul 2016 20:21:53 GMT
      Content-Type:
      - application/json
      Content-Length:
      - '1518'
      Connection:
      - keep-alive
      Access-Control-Allow-Credentials:
      - 'true'
      Access-Control-Allow-Methods:
      - GET, POST, HEAD, OPTIONS, DELETE
      Access-Control-Allow-Origin:
      - "*"
      Access-Control-Max-Age:
      - '300'
      Cache-Control:
      - no-cache, no-store
      Request-Id:
      - req_8kmfPWdgXWl8dW
      Stripe-Version:
      - '2015-10-16'
      Strict-Transport-Security:
      - max-age=31556926; includeSubDomains
    body:
      encoding: UTF-8
      string: |
        {
          "id": "cus_8kmfYpC6oRegCb",
          "object": "customer",
          "account_balance": 0,
          "created": 1467577312,
          "currency": null,
          "default_source": "card_18TH6C2nHroS7mLXK3ysWrIb",
          "delinquent": false,
          "description": null,
          "discount": null,
          "email": null,
          "livemode": false,
          "metadata": {
            "country_code": "NL",
            "vat_registered": "true",
            "name": "John Doe",
            "vat_number": "NL1234",
            "address": "Doestreet"
          },
          "shipping": null,
          "sources": {
            "object": "list",
            "data": [
              {
                "id": "card_18TH6C2nHroS7mLXK3ysWrIb",
                "object": "card",
                "address_city": null,
                "address_country": null,
                "address_line1": null,
                "address_line1_check": null,
                "address_line2": null,
                "address_state": null,
                "address_zip": null,
                "address_zip_check": null,
                "brand": "Visa",
                "country": "US",
                "customer": "cus_8kmfYpC6oRegCb",
                "cvc_check": "pass",
                "dynamic_last4": null,
                "exp_month": 12,
                "exp_year": 2030,
                "fingerprint": "0K7oMWAQAFG7TEob",
                "funding": "credit",
                "last4": "4242",
                "metadata": {},
                "name": null,
                "tokenization_method": null
              }
            ],
            "has_more": false,
            "total_count": 1,
            "url": "/v1/customers/cus_8kmfYpC6oRegCb/sources"
          },
          "subscriptions": {
            "object": "list",
            "data": [],
            "has_more": false,
            "total_count": 0,
            "url": "/v1/customers/cus_8kmfYpC6oRegCb/subscriptions"
          }
        }
    http_version: 
  recorded_at: Wed, 20 Jan 2016 00:00:00 GMT
- request:
    method: get
    uri: https://api.stripe.com/v1/plans/test
    body:
      encoding: US-ASCII
      string: ''
    headers:
      Accept:
      - "*/*; q=0.5, application/xml"
      Accept-Encoding:
      - gzip, deflate
      User-Agent:
      - Stripe/v1 RubyBindings/1.14.0
      Authorization:
      - "<AUTH>"
      Content-Type:
      - application/x-www-form-urlencoded
      Stripe-Version:
      - '2015-10-16'
      X-Stripe-Client-User-Agent:
      - '{"bindings_version":"1.14.0","lang":"ruby","lang_version":"2.2.3 p173 (2015-08-18)","platform":"x86_64-darwin14","publisher":"stripe","uname":"Darwin
        Mattiass-MacBook-Pro.local 14.5.0 Darwin Kernel Version 14.5.0: Wed Jul 29
        02:26:53 PDT 2015; root:xnu-2782.40.9~1/RELEASE_X86_64 x86_64"}'
  response:
    status:
      code: 200
      message: OK
    headers:
      Server:
      - nginx
      Date:
      - Sun, 03 Jul 2016 20:21:53 GMT
      Content-Type:
      - application/json
      Content-Length:
      - '272'
      Connection:
      - keep-alive
      Access-Control-Allow-Credentials:
      - 'true'
      Access-Control-Allow-Methods:
      - GET, POST, HEAD, OPTIONS, DELETE
      Access-Control-Allow-Origin:
      - "*"
      Access-Control-Max-Age:
      - '300'
      Cache-Control:
      - no-cache, no-store
      Request-Id:
      - req_8kmf5MBQjjPOH9
      Stripe-Version:
      - '2015-10-16'
      Strict-Transport-Security:
      - max-age=31556926; includeSubDomains
    body:
      encoding: UTF-8
      string: |
        {
          "id": "test",
          "object": "plan",
          "amount": 1499,
          "created": 1406556583,
          "currency": "usd",
          "interval": "month",
          "interval_count": 1,
          "livemode": false,
          "metadata": {},
          "name": "Test Plan",
          "statement_descriptor": null,
          "trial_period_days": null
        }
    http_version: 
  recorded_at: Wed, 20 Jan 2016 00:00:00 GMT
- request:
    method: get
    uri: https://api.stripe.com/v1/customers/cus_8kmfYpC6oRegCb
    body:
      encoding: US-ASCII
      string: ''
    headers:
      Accept:
      - "*/*; q=0.5, application/xml"
      Accept-Encoding:
      - gzip, deflate
      User-Agent:
      - Stripe/v1 RubyBindings/1.14.0
      Authorization:
      - "<AUTH>"
      Content-Type:
      - application/x-www-form-urlencoded
      Stripe-Version:
      - '2015-10-16'
      X-Stripe-Client-User-Agent:
      - '{"bindings_version":"1.14.0","lang":"ruby","lang_version":"2.2.3 p173 (2015-08-18)","platform":"x86_64-darwin14","publisher":"stripe","uname":"Darwin
        Mattiass-MacBook-Pro.local 14.5.0 Darwin Kernel Version 14.5.0: Wed Jul 29
        02:26:53 PDT 2015; root:xnu-2782.40.9~1/RELEASE_X86_64 x86_64"}'
  response:
    status:
      code: 200
      message: OK
    headers:
      Server:
      - nginx
      Date:
      - Sun, 03 Jul 2016 20:21:54 GMT
      Content-Type:
      - application/json
      Content-Length:
      - '1518'
      Connection:
      - keep-alive
      Access-Control-Allow-Credentials:
      - 'true'
      Access-Control-Allow-Methods:
      - GET, POST, HEAD, OPTIONS, DELETE
      Access-Control-Allow-Origin:
      - "*"
      Access-Control-Max-Age:
      - '300'
      Cache-Control:
      - no-cache, no-store
      Request-Id:
      - req_8kmfDBy7UuUflo
      Stripe-Version:
      - '2015-10-16'
      Strict-Transport-Security:
      - max-age=31556926; includeSubDomains
    body:
      encoding: UTF-8
      string: |
        {
          "id": "cus_8kmfYpC6oRegCb",
          "object": "customer",
          "account_balance": 0,
          "created": 1467577312,
          "currency": null,
          "default_source": "card_18TH6C2nHroS7mLXK3ysWrIb",
          "delinquent": false,
          "description": null,
          "discount": null,
          "email": null,
          "livemode": false,
          "metadata": {
            "country_code": "NL",
            "vat_registered": "true",
            "name": "John Doe",
            "vat_number": "NL1234",
            "address": "Doestreet"
          },
          "shipping": null,
          "sources": {
            "object": "list",
            "data": [
              {
                "id": "card_18TH6C2nHroS7mLXK3ysWrIb",
                "object": "card",
                "address_city": null,
                "address_country": null,
                "address_line1": null,
                "address_line1_check": null,
                "address_line2": null,
                "address_state": null,
                "address_zip": null,
                "address_zip_check": null,
                "brand": "Visa",
                "country": "US",
                "customer": "cus_8kmfYpC6oRegCb",
                "cvc_check": "pass",
                "dynamic_last4": null,
                "exp_month": 12,
                "exp_year": 2030,
                "fingerprint": "0K7oMWAQAFG7TEob",
                "funding": "credit",
                "last4": "4242",
                "metadata": {},
                "name": null,
                "tokenization_method": null
              }
            ],
            "has_more": false,
            "total_count": 1,
            "url": "/v1/customers/cus_8kmfYpC6oRegCb/sources"
          },
          "subscriptions": {
            "object": "list",
            "data": [],
            "has_more": false,
            "total_count": 0,
            "url": "/v1/customers/cus_8kmfYpC6oRegCb/subscriptions"
          }
        }
    http_version: 
  recorded_at: Wed, 20 Jan 2016 00:00:00 GMT
- request:
    method: post
    uri: https://api.stripe.com/v1/customers/cus_8kmfYpC6oRegCb/subscriptions
    body:
      encoding: US-ASCII
      string: tax_percent=0&plan=test
    headers:
      Accept:
      - "*/*; q=0.5, application/xml"
      Accept-Encoding:
      - gzip, deflate
      User-Agent:
      - Stripe/v1 RubyBindings/1.14.0
      Authorization:
      - "<AUTH>"
      Content-Type:
      - application/x-www-form-urlencoded
      Stripe-Version:
      - '2015-10-16'
      X-Stripe-Client-User-Agent:
      - '{"bindings_version":"1.14.0","lang":"ruby","lang_version":"2.2.3 p173 (2015-08-18)","platform":"x86_64-darwin14","publisher":"stripe","uname":"Darwin
        Mattiass-MacBook-Pro.local 14.5.0 Darwin Kernel Version 14.5.0: Wed Jul 29
        02:26:53 PDT 2015; root:xnu-2782.40.9~1/RELEASE_X86_64 x86_64"}'
      Content-Length:
      - '23'
  response:
    status:
      code: 200
      message: OK
    headers:
      Server:
      - nginx
      Date:
      - Sun, 03 Jul 2016 20:21:56 GMT
      Content-Type:
      - application/json
      Content-Length:
      - '803'
      Connection:
      - keep-alive
      Access-Control-Allow-Credentials:
      - 'true'
      Access-Control-Allow-Methods:
      - GET, POST, HEAD, OPTIONS, DELETE
      Access-Control-Allow-Origin:
      - "*"
      Access-Control-Max-Age:
      - '300'
      Cache-Control:
      - no-cache, no-store
      Request-Id:
      - req_8kmfYML8BVgVDJ
      Stripe-Version:
      - '2015-10-16'
      Strict-Transport-Security:
      - max-age=31556926; includeSubDomains
    body:
      encoding: UTF-8
      string: |
        {
          "id": "sub_8kmfbJj6iWgUDX",
          "object": "subscription",
          "application_fee_percent": null,
          "cancel_at_period_end": false,
          "canceled_at": null,
          "created": 1467577315,
          "current_period_end": 1470255715,
          "current_period_start": 1467577315,
          "customer": "cus_8kmfYpC6oRegCb",
          "discount": null,
          "ended_at": null,
          "livemode": false,
          "metadata": {},
          "plan": {
            "id": "test",
            "object": "plan",
            "amount": 1499,
            "created": 1406556583,
            "currency": "usd",
            "interval": "month",
            "interval_count": 1,
            "livemode": false,
            "metadata": {},
            "name": "Test Plan",
            "statement_descriptor": null,
            "trial_period_days": null
          },
          "quantity": 1,
          "start": 1467577315,
          "status": "active",
          "tax_percent": 0.0,
          "trial_end": null,
          "trial_start": null
        }
    http_version: 
  recorded_at: Wed, 20 Jan 2016 00:00:00 GMT
- request:
    method: get
    uri: https://api.stripe.com/v1/invoices?customer=cus_8kmfYpC6oRegCb
    body:
      encoding: US-ASCII
      string: ''
    headers:
      Accept:
      - "*/*; q=0.5, application/xml"
      Accept-Encoding:
      - gzip, deflate
      User-Agent:
      - Stripe/v1 RubyBindings/1.14.0
      Authorization:
      - "<AUTH>"
      Content-Type:
      - application/x-www-form-urlencoded
      Stripe-Version:
      - '2015-10-16'
      X-Stripe-Client-User-Agent:
      - '{"bindings_version":"1.14.0","lang":"ruby","lang_version":"2.2.3 p173 (2015-08-18)","platform":"x86_64-darwin14","publisher":"stripe","uname":"Darwin
        Mattiass-MacBook-Pro.local 14.5.0 Darwin Kernel Version 14.5.0: Wed Jul 29
        02:26:53 PDT 2015; root:xnu-2782.40.9~1/RELEASE_X86_64 x86_64"}'
  response:
    status:
      code: 200
      message: OK
    headers:
      Server:
      - nginx
      Date:
      - Sun, 03 Jul 2016 20:21:57 GMT
      Content-Type:
      - application/json
      Content-Length:
      - '2135'
      Connection:
      - keep-alive
      Access-Control-Allow-Credentials:
      - 'true'
      Access-Control-Allow-Methods:
      - GET, POST, HEAD, OPTIONS, DELETE
      Access-Control-Allow-Origin:
      - "*"
      Access-Control-Max-Age:
      - '300'
      Cache-Control:
      - no-cache, no-store
      Request-Id:
      - req_8kmf3YPTun1vrx
      Stripe-Version:
      - '2015-10-16'
      Strict-Transport-Security:
      - max-age=31556926; includeSubDomains
    body:
      encoding: UTF-8
      string: |
        {
          "object": "list",
          "data": [
            {
              "id": "in_18TH6F2nHroS7mLXqsjMKOEq",
              "object": "invoice",
              "amount_due": 1499,
              "application_fee": null,
              "attempt_count": 1,
              "attempted": true,
              "charge": "ch_18TH6F2nHroS7mLXtrPNuh8O",
              "closed": true,
              "currency": "usd",
              "customer": "cus_8kmfYpC6oRegCb",
              "date": 1467577315,
              "description": null,
              "discount": null,
              "ending_balance": 0,
              "forgiven": false,
              "lines": {
                "object": "list",
                "data": [
                  {
                    "id": "sub_8kmfbJj6iWgUDX",
                    "object": "line_item",
                    "amount": 1499,
                    "currency": "usd",
                    "description": null,
                    "discountable": true,
                    "livemode": false,
                    "metadata": {},
                    "period": {
                      "start": 1467577315,
                      "end": 1470255715
                    },
                    "plan": {
                      "id": "test",
                      "object": "plan",
                      "amount": 1499,
                      "created": 1406556583,
                      "currency": "usd",
                      "interval": "month",
                      "interval_count": 1,
                      "livemode": false,
                      "metadata": {},
                      "name": "Test Plan",
                      "statement_descriptor": null,
                      "trial_period_days": null
                    },
                    "proration": false,
                    "quantity": 1,
                    "subscription": null,
                    "type": "subscription"
                  }
                ],
                "has_more": false,
                "total_count": 1,
                "url": "/v1/invoices/in_18TH6F2nHroS7mLXqsjMKOEq/lines"
              },
              "livemode": false,
              "metadata": {},
              "next_payment_attempt": null,
              "paid": true,
              "period_end": 1467577315,
              "period_start": 1467577315,
              "receipt_number": null,
              "starting_balance": 0,
              "statement_descriptor": null,
              "subscription": "sub_8kmfbJj6iWgUDX",
              "subtotal": 1499,
              "tax": 0,
              "tax_percent": 0.0,
              "total": 1499,
              "webhooks_delivered_at": null
            }
          ],
          "has_more": false,
          "url": "/v1/invoices"
        }
    http_version: 
  recorded_at: Wed, 20 Jan 2016 00:00:00 GMT
- request:
    method: get
    uri: https://api.stripe.com/v1/invoices/in_18TH6F2nHroS7mLXqsjMKOEq
    body:
      encoding: US-ASCII
      string: ''
    headers:
      Accept:
      - "*/*; q=0.5, application/xml"
      Accept-Encoding:
      - gzip, deflate
      User-Agent:
      - Stripe/v1 RubyBindings/1.14.0
      Authorization:
      - "<AUTH>"
      Content-Type:
      - application/x-www-form-urlencoded
      Stripe-Version:
      - '2015-10-16'
      X-Stripe-Client-User-Agent:
      - '{"bindings_version":"1.14.0","lang":"ruby","lang_version":"2.2.3 p173 (2015-08-18)","platform":"x86_64-darwin14","publisher":"stripe","uname":"Darwin
        Mattiass-MacBook-Pro.local 14.5.0 Darwin Kernel Version 14.5.0: Wed Jul 29
        02:26:53 PDT 2015; root:xnu-2782.40.9~1/RELEASE_X86_64 x86_64"}'
  response:
    status:
      code: 200
      message: OK
    headers:
      Server:
      - nginx
      Date:
      - Sun, 03 Jul 2016 20:21:58 GMT
      Content-Type:
      - application/json
      Content-Length:
      - '1761'
      Connection:
      - keep-alive
      Access-Control-Allow-Credentials:
      - 'true'
      Access-Control-Allow-Methods:
      - GET, POST, HEAD, OPTIONS, DELETE
      Access-Control-Allow-Origin:
      - "*"
      Access-Control-Max-Age:
      - '300'
      Cache-Control:
      - no-cache, no-store
      Request-Id:
      - req_8kmfwYTwFxIl5y
      Stripe-Version:
      - '2015-10-16'
      Strict-Transport-Security:
      - max-age=31556926; includeSubDomains
    body:
      encoding: UTF-8
      string: |
        {
          "id": "in_18TH6F2nHroS7mLXqsjMKOEq",
          "object": "invoice",
          "amount_due": 1499,
          "application_fee": null,
          "attempt_count": 1,
          "attempted": true,
          "charge": "ch_18TH6F2nHroS7mLXtrPNuh8O",
          "closed": true,
          "currency": "usd",
          "customer": "cus_8kmfYpC6oRegCb",
          "date": 1467577315,
          "description": null,
          "discount": null,
          "ending_balance": 0,
          "forgiven": false,
          "lines": {
            "object": "list",
            "data": [
              {
                "id": "sub_8kmfbJj6iWgUDX",
                "object": "line_item",
                "amount": 1499,
                "currency": "usd",
                "description": null,
                "discountable": true,
                "livemode": false,
                "metadata": {},
                "period": {
                  "start": 1467577315,
                  "end": 1470255715
                },
                "plan": {
                  "id": "test",
                  "object": "plan",
                  "amount": 1499,
                  "created": 1406556583,
                  "currency": "usd",
                  "interval": "month",
                  "interval_count": 1,
                  "livemode": false,
                  "metadata": {},
                  "name": "Test Plan",
                  "statement_descriptor": null,
                  "trial_period_days": null
                },
                "proration": false,
                "quantity": 1,
                "subscription": null,
                "type": "subscription"
              }
            ],
            "has_more": false,
            "total_count": 1,
            "url": "/v1/invoices/in_18TH6F2nHroS7mLXqsjMKOEq/lines"
          },
          "livemode": false,
          "metadata": {},
          "next_payment_attempt": null,
          "paid": true,
          "period_end": 1467577315,
          "period_start": 1467577315,
          "receipt_number": null,
          "starting_balance": 0,
          "statement_descriptor": null,
          "subscription": "sub_8kmfbJj6iWgUDX",
          "subtotal": 1499,
          "tax": 0,
          "tax_percent": 0.0,
          "total": 1499,
          "webhooks_delivered_at": null
        }
    http_version: 
  recorded_at: Wed, 20 Jan 2016 00:00:00 GMT
- request:
    method: get
    uri: https://api.stripe.com/v1/customers/cus_8kmfYpC6oRegCb/subscriptions/sub_8kmfbJj6iWgUDX
    body:
      encoding: US-ASCII
      string: ''
    headers:
      Accept:
      - "*/*; q=0.5, application/xml"
      Accept-Encoding:
      - gzip, deflate
      User-Agent:
      - Stripe/v1 RubyBindings/1.14.0
      Authorization:
      - "<AUTH>"
      Content-Type:
      - application/x-www-form-urlencoded
      Stripe-Version:
      - '2015-10-16'
      X-Stripe-Client-User-Agent:
      - '{"bindings_version":"1.14.0","lang":"ruby","lang_version":"2.2.3 p173 (2015-08-18)","platform":"x86_64-darwin14","publisher":"stripe","uname":"Darwin
        Mattiass-MacBook-Pro.local 14.5.0 Darwin Kernel Version 14.5.0: Wed Jul 29
        02:26:53 PDT 2015; root:xnu-2782.40.9~1/RELEASE_X86_64 x86_64"}'
  response:
    status:
      code: 200
      message: OK
    headers:
      Server:
      - nginx
      Date:
      - Sun, 03 Jul 2016 20:21:58 GMT
      Content-Type:
      - application/json
      Content-Length:
      - '803'
      Connection:
      - keep-alive
      Access-Control-Allow-Credentials:
      - 'true'
      Access-Control-Allow-Methods:
      - GET, POST, HEAD, OPTIONS, DELETE
      Access-Control-Allow-Origin:
      - "*"
      Access-Control-Max-Age:
      - '300'
      Cache-Control:
      - no-cache, no-store
      Request-Id:
      - req_8kmfWruaEca5bs
      Stripe-Version:
      - '2015-10-16'
      Strict-Transport-Security:
      - max-age=31556926; includeSubDomains
    body:
      encoding: UTF-8
      string: |
        {
          "id": "sub_8kmfbJj6iWgUDX",
          "object": "subscription",
          "application_fee_percent": null,
          "cancel_at_period_end": false,
          "canceled_at": null,
          "created": 1467577315,
          "current_period_end": 1470255715,
          "current_period_start": 1467577315,
          "customer": "cus_8kmfYpC6oRegCb",
          "discount": null,
          "ended_at": null,
          "livemode": false,
          "metadata": {},
          "plan": {
            "id": "test",
            "object": "plan",
            "amount": 1499,
            "created": 1406556583,
            "currency": "usd",
            "interval": "month",
            "interval_count": 1,
            "livemode": false,
            "metadata": {},
            "name": "Test Plan",
            "statement_descriptor": null,
            "trial_period_days": null
          },
          "quantity": 1,
          "start": 1467577315,
          "status": "active",
          "tax_percent": 0.0,
          "trial_end": null,
          "trial_start": null
        }
    http_version: 
  recorded_at: Wed, 20 Jan 2016 00:00:00 GMT
- request:
    method: get
    uri: https://api.stripe.com/v1/charges/ch_18TH6F2nHroS7mLXtrPNuh8O
    body:
      encoding: US-ASCII
      string: ''
    headers:
      Accept:
      - "*/*; q=0.5, application/xml"
      Accept-Encoding:
      - gzip, deflate
      User-Agent:
      - Stripe/v1 RubyBindings/1.14.0
      Authorization:
      - "<AUTH>"
      Content-Type:
      - application/x-www-form-urlencoded
      Stripe-Version:
      - '2015-10-16'
      X-Stripe-Client-User-Agent:
      - '{"bindings_version":"1.14.0","lang":"ruby","lang_version":"2.2.3 p173 (2015-08-18)","platform":"x86_64-darwin14","publisher":"stripe","uname":"Darwin
        Mattiass-MacBook-Pro.local 14.5.0 Darwin Kernel Version 14.5.0: Wed Jul 29
        02:26:53 PDT 2015; root:xnu-2782.40.9~1/RELEASE_X86_64 x86_64"}'
  response:
    status:
      code: 200
      message: OK
    headers:
      Server:
      - nginx
      Date:
      - Sun, 03 Jul 2016 20:21:59 GMT
      Content-Type:
      - application/json
      Content-Length:
      - '1526'
      Connection:
      - keep-alive
      Access-Control-Allow-Credentials:
      - 'true'
      Access-Control-Allow-Methods:
      - GET, POST, HEAD, OPTIONS, DELETE
      Access-Control-Allow-Origin:
      - "*"
      Access-Control-Max-Age:
      - '300'
      Cache-Control:
      - no-cache, no-store
      Request-Id:
      - req_8kmf6yi6JqHcFs
      Stripe-Version:
      - '2015-10-16'
      Strict-Transport-Security:
      - max-age=31556926; includeSubDomains
    body:
      encoding: UTF-8
      string: |
        {
          "id": "ch_18TH6F2nHroS7mLXtrPNuh8O",
          "object": "charge",
          "amount": 1499,
          "amount_refunded": 0,
          "application_fee": null,
          "balance_transaction": "txn_18TH6F2nHroS7mLXszvaWcSt",
          "captured": true,
          "created": 1467577315,
          "currency": "usd",
          "customer": "cus_8kmfYpC6oRegCb",
          "description": null,
          "destination": null,
          "dispute": null,
          "failure_code": null,
          "failure_message": null,
          "fraud_details": {},
          "invoice": "in_18TH6F2nHroS7mLXqsjMKOEq",
          "livemode": false,
          "metadata": {},
          "order": null,
          "paid": true,
          "receipt_email": null,
          "receipt_number": null,
          "refunded": false,
          "refunds": {
            "object": "list",
            "data": [],
            "has_more": false,
            "total_count": 0,
            "url": "/v1/charges/ch_18TH6F2nHroS7mLXtrPNuh8O/refunds"
          },
          "shipping": null,
          "source": {
            "id": "card_18TH6C2nHroS7mLXK3ysWrIb",
            "object": "card",
            "address_city": null,
            "address_country": null,
            "address_line1": null,
            "address_line1_check": null,
            "address_line2": null,
            "address_state": null,
            "address_zip": null,
            "address_zip_check": null,
            "brand": "Visa",
            "country": "US",
            "customer": "cus_8kmfYpC6oRegCb",
            "cvc_check": "pass",
            "dynamic_last4": null,
            "exp_month": 12,
            "exp_year": 2030,
            "fingerprint": "0K7oMWAQAFG7TEob",
            "funding": "credit",
            "last4": "4242",
            "metadata": {},
            "name": null,
            "tokenization_method": null
          },
          "source_transfer": null,
          "statement_descriptor": null,
          "status": "succeeded"
        }
    http_version: 
  recorded_at: Wed, 20 Jan 2016 00:00:00 GMT
- request:
    method: get
    uri: https://api.stripe.com/v1/invoices/in_18TH6F2nHroS7mLXqsjMKOEq
    body:
      encoding: US-ASCII
      string: ''
    headers:
      Accept:
      - "*/*; q=0.5, application/xml"
      Accept-Encoding:
      - gzip, deflate
      User-Agent:
      - Stripe/v1 RubyBindings/1.14.0
      Authorization:
      - "<AUTH>"
      Content-Type:
      - application/x-www-form-urlencoded
      Stripe-Version:
      - '2015-10-16'
      X-Stripe-Client-User-Agent:
      - '{"bindings_version":"1.14.0","lang":"ruby","lang_version":"2.2.3 p173 (2015-08-18)","platform":"x86_64-darwin14","publisher":"stripe","uname":"Darwin
        Mattiass-MacBook-Pro.local 14.5.0 Darwin Kernel Version 14.5.0: Wed Jul 29
        02:26:53 PDT 2015; root:xnu-2782.40.9~1/RELEASE_X86_64 x86_64"}'
  response:
    status:
      code: 200
      message: OK
    headers:
      Server:
      - nginx
      Date:
      - Sun, 03 Jul 2016 20:22:00 GMT
      Content-Type:
      - application/json
      Content-Length:
      - '1761'
      Connection:
      - keep-alive
      Access-Control-Allow-Credentials:
      - 'true'
      Access-Control-Allow-Methods:
      - GET, POST, HEAD, OPTIONS, DELETE
      Access-Control-Allow-Origin:
      - "*"
      Access-Control-Max-Age:
      - '300'
      Cache-Control:
      - no-cache, no-store
      Request-Id:
      - req_8kmfDOAWcTpel6
      Stripe-Version:
      - '2015-10-16'
      Strict-Transport-Security:
      - max-age=31556926; includeSubDomains
    body:
      encoding: UTF-8
      string: |
        {
          "id": "in_18TH6F2nHroS7mLXqsjMKOEq",
          "object": "invoice",
          "amount_due": 1499,
          "application_fee": null,
          "attempt_count": 1,
          "attempted": true,
          "charge": "ch_18TH6F2nHroS7mLXtrPNuh8O",
          "closed": true,
          "currency": "usd",
          "customer": "cus_8kmfYpC6oRegCb",
          "date": 1467577315,
          "description": null,
          "discount": null,
          "ending_balance": 0,
          "forgiven": false,
          "lines": {
            "object": "list",
            "data": [
              {
                "id": "sub_8kmfbJj6iWgUDX",
                "object": "line_item",
                "amount": 1499,
                "currency": "usd",
                "description": null,
                "discountable": true,
                "livemode": false,
                "metadata": {},
                "period": {
                  "start": 1467577315,
                  "end": 1470255715
                },
                "plan": {
                  "id": "test",
                  "object": "plan",
                  "amount": 1499,
                  "created": 1406556583,
                  "currency": "usd",
                  "interval": "month",
                  "interval_count": 1,
                  "livemode": false,
                  "metadata": {},
                  "name": "Test Plan",
                  "statement_descriptor": null,
                  "trial_period_days": null
                },
                "proration": false,
                "quantity": 1,
                "subscription": null,
                "type": "subscription"
              }
            ],
            "has_more": false,
            "total_count": 1,
            "url": "/v1/invoices/in_18TH6F2nHroS7mLXqsjMKOEq/lines"
          },
          "livemode": false,
          "metadata": {},
          "next_payment_attempt": null,
          "paid": true,
          "period_end": 1467577315,
          "period_start": 1467577315,
          "receipt_number": null,
          "starting_balance": 0,
          "statement_descriptor": null,
          "subscription": "sub_8kmfbJj6iWgUDX",
          "subtotal": 1499,
          "tax": 0,
          "tax_percent": 0.0,
          "total": 1499,
          "webhooks_delivered_at": null
        }
    http_version: 
  recorded_at: Wed, 20 Jan 2016 00:00:00 GMT
recorded_with: VCR 2.9.2
