---
http_interactions:
- request:
    method: post
    uri: https://api.stripe.com/v1/customers
    body:
      encoding: US-ASCII
      string: card[number]=4242424242424242&card[exp_month]=12&card[exp_year]=30&card[cvc]=222&metadata[country_code]=NL&metadata[vat_registered]=false&metadata[name]=John%20Doe&metadata[address]=Doestreet
    headers:
      Accept:
      - "*/*; q=0.5, application/xml"
      Accept-Encoding:
      - gzip, deflate
      User-Agent:
      - Stripe/v1 RubyBindings/1.14.0
      Authorization:
      - "<AUTH>"
      Content-Type:
      - application/x-www-form-urlencoded
      Stripe-Version:
      - '2015-10-16'
      X-Stripe-Client-User-Agent:
      - '{"bindings_version":"1.14.0","lang":"ruby","lang_version":"2.2.3 p173 (2015-08-18)","platform":"x86_64-darwin14","publisher":"stripe","uname":"Darwin
        Mattiass-MacBook-Pro.local 14.5.0 Darwin Kernel Version 14.5.0: Wed Jul 29
        02:26:53 PDT 2015; root:xnu-2782.40.9~1/RELEASE_X86_64 x86_64"}'
      Content-Length:
      - '191'
  response:
    status:
      code: 200
      message: OK
    headers:
      Server:
      - nginx
      Date:
      - Sun, 03 Jul 2016 20:21:42 GMT
      Content-Type:
      - application/json
      Content-Length:
      - '1491'
      Connection:
      - keep-alive
      Access-Control-Allow-Credentials:
      - 'true'
      Access-Control-Allow-Methods:
      - GET, POST, HEAD, OPTIONS, DELETE
      Access-Control-Allow-Origin:
      - "*"
      Access-Control-Max-Age:
      - '300'
      Cache-Control:
      - no-cache, no-store
      Request-Id:
      - req_8kmf2nxtbixVw3
      Stripe-Version:
      - '2015-10-16'
      Strict-Transport-Security:
      - max-age=31556926; includeSubDomains
    body:
      encoding: UTF-8
      string: |
        {
          "id": "cus_8kmfu00LcsqQrl",
          "object": "customer",
          "account_balance": 0,
          "created": 1467577301,
          "currency": null,
          "default_source": "card_18TH612nHroS7mLXkrZf2lqv",
          "delinquent": false,
          "description": null,
          "discount": null,
          "email": null,
          "livemode": false,
          "metadata": {
            "country_code": "NL",
            "vat_registered": "false",
            "name": "John Doe",
            "address": "Doestreet"
          },
          "shipping": null,
          "sources": {
            "object": "list",
            "data": [
              {
                "id": "card_18TH612nHroS7mLXkrZf2lqv",
                "object": "card",
                "address_city": null,
                "address_country": null,
                "address_line1": null,
                "address_line1_check": null,
                "address_line2": null,
                "address_state": null,
                "address_zip": null,
                "address_zip_check": null,
                "brand": "Visa",
                "country": "US",
                "customer": "cus_8kmfu00LcsqQrl",
                "cvc_check": "pass",
                "dynamic_last4": null,
                "exp_month": 12,
                "exp_year": 2030,
                "fingerprint": "0K7oMWAQAFG7TEob",
                "funding": "credit",
                "last4": "4242",
                "metadata": {},
                "name": null,
                "tokenization_method": null
              }
            ],
            "has_more": false,
            "total_count": 1,
            "url": "/v1/customers/cus_8kmfu00LcsqQrl/sources"
          },
          "subscriptions": {
            "object": "list",
            "data": [],
            "has_more": false,
            "total_count": 0,
            "url": "/v1/customers/cus_8kmfu00LcsqQrl/subscriptions"
          }
        }
    http_version: 
  recorded_at: Wed, 20 Jan 2016 00:00:00 GMT
- request:
    method: get
    uri: https://api.stripe.com/v1/plans/test
    body:
      encoding: US-ASCII
      string: ''
    headers:
      Accept:
      - "*/*; q=0.5, application/xml"
      Accept-Encoding:
      - gzip, deflate
      User-Agent:
      - Stripe/v1 RubyBindings/1.14.0
      Authorization:
      - "<AUTH>"
      Content-Type:
      - application/x-www-form-urlencoded
      Stripe-Version:
      - '2015-10-16'
      X-Stripe-Client-User-Agent:
      - '{"bindings_version":"1.14.0","lang":"ruby","lang_version":"2.2.3 p173 (2015-08-18)","platform":"x86_64-darwin14","publisher":"stripe","uname":"Darwin
        Mattiass-MacBook-Pro.local 14.5.0 Darwin Kernel Version 14.5.0: Wed Jul 29
        02:26:53 PDT 2015; root:xnu-2782.40.9~1/RELEASE_X86_64 x86_64"}'
  response:
    status:
      code: 200
      message: OK
    headers:
      Server:
      - nginx
      Date:
      - Sun, 03 Jul 2016 20:21:43 GMT
      Content-Type:
      - application/json
      Content-Length:
      - '272'
      Connection:
      - keep-alive
      Access-Control-Allow-Credentials:
      - 'true'
      Access-Control-Allow-Methods:
      - GET, POST, HEAD, OPTIONS, DELETE
      Access-Control-Allow-Origin:
      - "*"
      Access-Control-Max-Age:
      - '300'
      Cache-Control:
      - no-cache, no-store
      Request-Id:
      - req_8kmf5Fq4X5usQM
      Stripe-Version:
      - '2015-10-16'
      Strict-Transport-Security:
      - max-age=31556926; includeSubDomains
    body:
      encoding: UTF-8
      string: |
        {
          "id": "test",
          "object": "plan",
          "amount": 1499,
          "created": 1406556583,
          "currency": "usd",
          "interval": "month",
          "interval_count": 1,
          "livemode": false,
          "metadata": {},
          "name": "Test Plan",
          "statement_descriptor": null,
          "trial_period_days": null
        }
    http_version: 
  recorded_at: Wed, 20 Jan 2016 00:00:00 GMT
- request:
    method: get
    uri: https://api.stripe.com/v1/coupons/25OFF
    body:
      encoding: US-ASCII
      string: ''
    headers:
      Accept:
      - "*/*; q=0.5, application/xml"
      Accept-Encoding:
      - gzip, deflate
      User-Agent:
      - Stripe/v1 RubyBindings/1.14.0
      Authorization:
      - "<AUTH>"
      Content-Type:
      - application/x-www-form-urlencoded
      Stripe-Version:
      - '2015-10-16'
      X-Stripe-Client-User-Agent:
      - '{"bindings_version":"1.14.0","lang":"ruby","lang_version":"2.2.3 p173 (2015-08-18)","platform":"x86_64-darwin14","publisher":"stripe","uname":"Darwin
        Mattiass-MacBook-Pro.local 14.5.0 Darwin Kernel Version 14.5.0: Wed Jul 29
        02:26:53 PDT 2015; root:xnu-2782.40.9~1/RELEASE_X86_64 x86_64"}'
  response:
    status:
      code: 200
      message: OK
    headers:
      Server:
      - nginx
      Date:
      - Sun, 03 Jul 2016 20:21:44 GMT
      Content-Type:
      - application/json
      Content-Length:
      - '313'
      Connection:
      - keep-alive
      Access-Control-Allow-Credentials:
      - 'true'
      Access-Control-Allow-Methods:
      - GET, POST, HEAD, OPTIONS, DELETE
      Access-Control-Allow-Origin:
      - "*"
      Access-Control-Max-Age:
      - '300'
      Cache-Control:
      - no-cache, no-store
      Request-Id:
      - req_8kmfVJrC1uvQgd
      Stripe-Version:
      - '2015-10-16'
      Strict-Transport-Security:
      - max-age=31556926; includeSubDomains
    body:
      encoding: UTF-8
      string: |
        {
          "id": "25OFF",
          "object": "coupon",
          "amount_off": null,
          "created": 1410521489,
          "currency": null,
          "duration": "repeating",
          "duration_in_months": 3,
          "livemode": false,
          "max_redemptions": null,
          "metadata": {},
          "percent_off": 25,
          "redeem_by": null,
          "times_redeemed": 107,
          "valid": true
        }
    http_version: 
  recorded_at: Wed, 20 Jan 2016 00:00:00 GMT
- request:
    method: get
    uri: https://api.stripe.com/v1/customers/cus_8kmfu00LcsqQrl
    body:
      encoding: US-ASCII
      string: ''
    headers:
      Accept:
      - "*/*; q=0.5, application/xml"
      Accept-Encoding:
      - gzip, deflate
      User-Agent:
      - Stripe/v1 RubyBindings/1.14.0
      Authorization:
      - "<AUTH>"
      Content-Type:
      - application/x-www-form-urlencoded
      Stripe-Version:
      - '2015-10-16'
      X-Stripe-Client-User-Agent:
      - '{"bindings_version":"1.14.0","lang":"ruby","lang_version":"2.2.3 p173 (2015-08-18)","platform":"x86_64-darwin14","publisher":"stripe","uname":"Darwin
        Mattiass-MacBook-Pro.local 14.5.0 Darwin Kernel Version 14.5.0: Wed Jul 29
        02:26:53 PDT 2015; root:xnu-2782.40.9~1/RELEASE_X86_64 x86_64"}'
  response:
    status:
      code: 200
      message: OK
    headers:
      Server:
      - nginx
      Date:
      - Sun, 03 Jul 2016 20:21:44 GMT
      Content-Type:
      - application/json
      Content-Length:
      - '1491'
      Connection:
      - keep-alive
      Access-Control-Allow-Credentials:
      - 'true'
      Access-Control-Allow-Methods:
      - GET, POST, HEAD, OPTIONS, DELETE
      Access-Control-Allow-Origin:
      - "*"
      Access-Control-Max-Age:
      - '300'
      Cache-Control:
      - no-cache, no-store
      Request-Id:
      - req_8kmf5bx6wCJr72
      Stripe-Version:
      - '2015-10-16'
      Strict-Transport-Security:
      - max-age=31556926; includeSubDomains
    body:
      encoding: UTF-8
      string: |
        {
          "id": "cus_8kmfu00LcsqQrl",
          "object": "customer",
          "account_balance": 0,
          "created": 1467577301,
          "currency": null,
          "default_source": "card_18TH612nHroS7mLXkrZf2lqv",
          "delinquent": false,
          "description": null,
          "discount": null,
          "email": null,
          "livemode": false,
          "metadata": {
            "country_code": "NL",
            "vat_registered": "false",
            "name": "John Doe",
            "address": "Doestreet"
          },
          "shipping": null,
          "sources": {
            "object": "list",
            "data": [
              {
                "id": "card_18TH612nHroS7mLXkrZf2lqv",
                "object": "card",
                "address_city": null,
                "address_country": null,
                "address_line1": null,
                "address_line1_check": null,
                "address_line2": null,
                "address_state": null,
                "address_zip": null,
                "address_zip_check": null,
                "brand": "Visa",
                "country": "US",
                "customer": "cus_8kmfu00LcsqQrl",
                "cvc_check": "pass",
                "dynamic_last4": null,
                "exp_month": 12,
                "exp_year": 2030,
                "fingerprint": "0K7oMWAQAFG7TEob",
                "funding": "credit",
                "last4": "4242",
                "metadata": {},
                "name": null,
                "tokenization_method": null
              }
            ],
            "has_more": false,
            "total_count": 1,
            "url": "/v1/customers/cus_8kmfu00LcsqQrl/sources"
          },
          "subscriptions": {
            "object": "list",
            "data": [],
            "has_more": false,
            "total_count": 0,
            "url": "/v1/customers/cus_8kmfu00LcsqQrl/subscriptions"
          }
        }
    http_version: 
  recorded_at: Wed, 20 Jan 2016 00:00:00 GMT
- request:
    method: post
    uri: https://api.stripe.com/v1/customers/cus_8kmfu00LcsqQrl/subscriptions
    body:
      encoding: US-ASCII
      string: tax_percent=21&plan=test&coupon=25OFF
    headers:
      Accept:
      - "*/*; q=0.5, application/xml"
      Accept-Encoding:
      - gzip, deflate
      User-Agent:
      - Stripe/v1 RubyBindings/1.14.0
      Authorization:
      - "<AUTH>"
      Content-Type:
      - application/x-www-form-urlencoded
      Stripe-Version:
      - '2015-10-16'
      X-Stripe-Client-User-Agent:
      - '{"bindings_version":"1.14.0","lang":"ruby","lang_version":"2.2.3 p173 (2015-08-18)","platform":"x86_64-darwin14","publisher":"stripe","uname":"Darwin
        Mattiass-MacBook-Pro.local 14.5.0 Darwin Kernel Version 14.5.0: Wed Jul 29
        02:26:53 PDT 2015; root:xnu-2782.40.9~1/RELEASE_X86_64 x86_64"}'
      Content-Length:
      - '37'
  response:
    status:
      code: 200
      message: OK
    headers:
      Server:
      - nginx
      Date:
      - Sun, 03 Jul 2016 20:21:46 GMT
      Content-Type:
      - application/json
      Content-Length:
      - '1346'
      Connection:
      - keep-alive
      Access-Control-Allow-Credentials:
      - 'true'
      Access-Control-Allow-Methods:
      - GET, POST, HEAD, OPTIONS, DELETE
      Access-Control-Allow-Origin:
      - "*"
      Access-Control-Max-Age:
      - '300'
      Cache-Control:
      - no-cache, no-store
      Request-Id:
      - req_8kmfNIRlVs0qqs
      Stripe-Version:
      - '2015-10-16'
      Strict-Transport-Security:
      - max-age=31556926; includeSubDomains
    body:
      encoding: UTF-8
      string: |
        {
          "id": "sub_8kmfvvFzSU9PjF",
          "object": "subscription",
          "application_fee_percent": null,
          "cancel_at_period_end": false,
          "canceled_at": null,
          "created": 1467577305,
          "current_period_end": 1470255705,
          "current_period_start": 1467577305,
          "customer": "cus_8kmfu00LcsqQrl",
          "discount": {
            "object": "discount",
            "coupon": {
              "id": "25OFF",
              "object": "coupon",
              "amount_off": null,
              "created": 1410521489,
              "currency": null,
              "duration": "repeating",
              "duration_in_months": 3,
              "livemode": false,
              "max_redemptions": null,
              "metadata": {},
              "percent_off": 25,
              "redeem_by": null,
              "times_redeemed": 108,
              "valid": true
            },
            "customer": "cus_8kmfu00LcsqQrl",
            "end": 1475526105,
            "start": 1467577305,
            "subscription": "sub_8kmfvvFzSU9PjF"
          },
          "ended_at": null,
          "livemode": false,
          "metadata": {},
          "plan": {
            "id": "test",
            "object": "plan",
            "amount": 1499,
            "created": 1406556583,
            "currency": "usd",
            "interval": "month",
            "interval_count": 1,
            "livemode": false,
            "metadata": {},
            "name": "Test Plan",
            "statement_descriptor": null,
            "trial_period_days": null
          },
          "quantity": 1,
          "start": 1467577305,
          "status": "active",
          "tax_percent": 21.0,
          "trial_end": null,
          "trial_start": null
        }
    http_version: 
  recorded_at: Wed, 20 Jan 2016 00:00:00 GMT
- request:
    method: get
    uri: https://api.stripe.com/v1/invoices?customer=cus_8kmfu00LcsqQrl
    body:
      encoding: US-ASCII
      string: ''
    headers:
      Accept:
      - "*/*; q=0.5, application/xml"
      Accept-Encoding:
      - gzip, deflate
      User-Agent:
      - Stripe/v1 RubyBindings/1.14.0
      Authorization:
      - "<AUTH>"
      Content-Type:
      - application/x-www-form-urlencoded
      Stripe-Version:
      - '2015-10-16'
      X-Stripe-Client-User-Agent:
      - '{"bindings_version":"1.14.0","lang":"ruby","lang_version":"2.2.3 p173 (2015-08-18)","platform":"x86_64-darwin14","publisher":"stripe","uname":"Darwin
        Mattiass-MacBook-Pro.local 14.5.0 Darwin Kernel Version 14.5.0: Wed Jul 29
        02:26:53 PDT 2015; root:xnu-2782.40.9~1/RELEASE_X86_64 x86_64"}'
  response:
    status:
      code: 200
      message: OK
    headers:
      Server:
      - nginx
      Date:
      - Sun, 03 Jul 2016 20:21:47 GMT
      Content-Type:
      - application/json
      Content-Length:
      - '2768'
      Connection:
      - keep-alive
      Access-Control-Allow-Credentials:
      - 'true'
      Access-Control-Allow-Methods:
      - GET, POST, HEAD, OPTIONS, DELETE
      Access-Control-Allow-Origin:
      - "*"
      Access-Control-Max-Age:
      - '300'
      Cache-Control:
      - no-cache, no-store
      Request-Id:
      - req_8kmfucF9OKeaO4
      Stripe-Version:
      - '2015-10-16'
      Strict-Transport-Security:
      - max-age=31556926; includeSubDomains
    body:
      encoding: UTF-8
      string: |
        {
          "object": "list",
          "data": [
            {
              "id": "in_18TH652nHroS7mLXJpt5VtMX",
              "object": "invoice",
              "amount_due": 1360,
              "application_fee": null,
              "attempt_count": 1,
              "attempted": true,
              "charge": "ch_18TH652nHroS7mLXW8Wt5Kc2",
              "closed": true,
              "currency": "usd",
              "customer": "cus_8kmfu00LcsqQrl",
              "date": 1467577305,
              "description": null,
              "discount": {
                "object": "discount",
                "coupon": {
                  "id": "25OFF",
                  "object": "coupon",
                  "amount_off": null,
                  "created": 1410521489,
                  "currency": null,
                  "duration": "repeating",
                  "duration_in_months": 3,
                  "livemode": false,
                  "max_redemptions": null,
                  "metadata": {},
                  "percent_off": 25,
                  "redeem_by": null,
                  "times_redeemed": 108,
                  "valid": true
                },
                "customer": "cus_8kmfu00LcsqQrl",
                "end": 1475526105,
                "start": 1467577305,
                "subscription": "sub_8kmfvvFzSU9PjF"
              },
              "ending_balance": 0,
              "forgiven": false,
              "lines": {
                "object": "list",
                "data": [
                  {
                    "id": "sub_8kmfvvFzSU9PjF",
                    "object": "line_item",
                    "amount": 1499,
                    "currency": "usd",
                    "description": null,
                    "discountable": true,
                    "livemode": false,
                    "metadata": {},
                    "period": {
                      "start": 1467577305,
                      "end": 1470255705
                    },
                    "plan": {
                      "id": "test",
                      "object": "plan",
                      "amount": 1499,
                      "created": 1406556583,
                      "currency": "usd",
                      "interval": "month",
                      "interval_count": 1,
                      "livemode": false,
                      "metadata": {},
                      "name": "Test Plan",
                      "statement_descriptor": null,
                      "trial_period_days": null
                    },
                    "proration": false,
                    "quantity": 1,
                    "subscription": null,
                    "type": "subscription"
                  }
                ],
                "has_more": false,
                "total_count": 1,
                "url": "/v1/invoices/in_18TH652nHroS7mLXJpt5VtMX/lines"
              },
              "livemode": false,
              "metadata": {},
              "next_payment_attempt": null,
              "paid": true,
              "period_end": 1467577305,
              "period_start": 1467577305,
              "receipt_number": null,
              "starting_balance": 0,
              "statement_descriptor": null,
              "subscription": "sub_8kmfvvFzSU9PjF",
              "subtotal": 1499,
              "tax": 236,
              "tax_percent": 21.0,
              "total": 1360,
              "webhooks_delivered_at": null
            }
          ],
          "has_more": false,
          "url": "/v1/invoices"
        }
    http_version: 
  recorded_at: Wed, 20 Jan 2016 00:00:00 GMT
- request:
    method: get
    uri: https://api.stripe.com/v1/invoices/in_18TH652nHroS7mLXJpt5VtMX
    body:
      encoding: US-ASCII
      string: ''
    headers:
      Accept:
      - "*/*; q=0.5, application/xml"
      Accept-Encoding:
      - gzip, deflate
      User-Agent:
      - Stripe/v1 RubyBindings/1.14.0
      Authorization:
      - "<AUTH>"
      Content-Type:
      - application/x-www-form-urlencoded
      Stripe-Version:
      - '2015-10-16'
      X-Stripe-Client-User-Agent:
      - '{"bindings_version":"1.14.0","lang":"ruby","lang_version":"2.2.3 p173 (2015-08-18)","platform":"x86_64-darwin14","publisher":"stripe","uname":"Darwin
        Mattiass-MacBook-Pro.local 14.5.0 Darwin Kernel Version 14.5.0: Wed Jul 29
        02:26:53 PDT 2015; root:xnu-2782.40.9~1/RELEASE_X86_64 x86_64"}'
  response:
    status:
      code: 200
      message: OK
    headers:
      Server:
      - nginx
      Date:
      - Sun, 03 Jul 2016 20:21:48 GMT
      Content-Type:
      - application/json
      Content-Length:
      - '2306'
      Connection:
      - keep-alive
      Access-Control-Allow-Credentials:
      - 'true'
      Access-Control-Allow-Methods:
      - GET, POST, HEAD, OPTIONS, DELETE
      Access-Control-Allow-Origin:
      - "*"
      Access-Control-Max-Age:
      - '300'
      Cache-Control:
      - no-cache, no-store
      Request-Id:
      - req_8kmf7OLfzqCLRT
      Stripe-Version:
      - '2015-10-16'
      Strict-Transport-Security:
      - max-age=31556926; includeSubDomains
    body:
      encoding: UTF-8
      string: |
        {
          "id": "in_18TH652nHroS7mLXJpt5VtMX",
          "object": "invoice",
          "amount_due": 1360,
          "application_fee": null,
          "attempt_count": 1,
          "attempted": true,
          "charge": "ch_18TH652nHroS7mLXW8Wt5Kc2",
          "closed": true,
          "currency": "usd",
          "customer": "cus_8kmfu00LcsqQrl",
          "date": 1467577305,
          "description": null,
          "discount": {
            "object": "discount",
            "coupon": {
              "id": "25OFF",
              "object": "coupon",
              "amount_off": null,
              "created": 1410521489,
              "currency": null,
              "duration": "repeating",
              "duration_in_months": 3,
              "livemode": false,
              "max_redemptions": null,
              "metadata": {},
              "percent_off": 25,
              "redeem_by": null,
              "times_redeemed": 108,
              "valid": true
            },
            "customer": "cus_8kmfu00LcsqQrl",
            "end": 1475526105,
            "start": 1467577305,
            "subscription": "sub_8kmfvvFzSU9PjF"
          },
          "ending_balance": 0,
          "forgiven": false,
          "lines": {
            "object": "list",
            "data": [
              {
                "id": "sub_8kmfvvFzSU9PjF",
                "object": "line_item",
                "amount": 1499,
                "currency": "usd",
                "description": null,
                "discountable": true,
                "livemode": false,
                "metadata": {},
                "period": {
                  "start": 1467577305,
                  "end": 1470255705
                },
                "plan": {
                  "id": "test",
                  "object": "plan",
                  "amount": 1499,
                  "created": 1406556583,
                  "currency": "usd",
                  "interval": "month",
                  "interval_count": 1,
                  "livemode": false,
                  "metadata": {},
                  "name": "Test Plan",
                  "statement_descriptor": null,
                  "trial_period_days": null
                },
                "proration": false,
                "quantity": 1,
                "subscription": null,
                "type": "subscription"
              }
            ],
            "has_more": false,
            "total_count": 1,
            "url": "/v1/invoices/in_18TH652nHroS7mLXJpt5VtMX/lines"
          },
          "livemode": false,
          "metadata": {},
          "next_payment_attempt": null,
          "paid": true,
          "period_end": 1467577305,
          "period_start": 1467577305,
          "receipt_number": null,
          "starting_balance": 0,
          "statement_descriptor": null,
          "subscription": "sub_8kmfvvFzSU9PjF",
          "subtotal": 1499,
          "tax": 236,
          "tax_percent": 21.0,
          "total": 1360,
          "webhooks_delivered_at": null
        }
    http_version: 
  recorded_at: Wed, 20 Jan 2016 00:00:00 GMT
- request:
    method: get
    uri: https://api.stripe.com/v1/customers/cus_8kmfu00LcsqQrl/subscriptions/sub_8kmfvvFzSU9PjF
    body:
      encoding: US-ASCII
      string: ''
    headers:
      Accept:
      - "*/*; q=0.5, application/xml"
      Accept-Encoding:
      - gzip, deflate
      User-Agent:
      - Stripe/v1 RubyBindings/1.14.0
      Authorization:
      - "<AUTH>"
      Content-Type:
      - application/x-www-form-urlencoded
      Stripe-Version:
      - '2015-10-16'
      X-Stripe-Client-User-Agent:
      - '{"bindings_version":"1.14.0","lang":"ruby","lang_version":"2.2.3 p173 (2015-08-18)","platform":"x86_64-darwin14","publisher":"stripe","uname":"Darwin
        Mattiass-MacBook-Pro.local 14.5.0 Darwin Kernel Version 14.5.0: Wed Jul 29
        02:26:53 PDT 2015; root:xnu-2782.40.9~1/RELEASE_X86_64 x86_64"}'
  response:
    status:
      code: 200
      message: OK
    headers:
      Server:
      - nginx
      Date:
      - Sun, 03 Jul 2016 20:21:49 GMT
      Content-Type:
      - application/json
      Content-Length:
      - '1346'
      Connection:
      - keep-alive
      Access-Control-Allow-Credentials:
      - 'true'
      Access-Control-Allow-Methods:
      - GET, POST, HEAD, OPTIONS, DELETE
      Access-Control-Allow-Origin:
      - "*"
      Access-Control-Max-Age:
      - '300'
      Cache-Control:
      - no-cache, no-store
      Request-Id:
      - req_8kmfug9g8Xrz7T
      Stripe-Version:
      - '2015-10-16'
      Strict-Transport-Security:
      - max-age=31556926; includeSubDomains
    body:
      encoding: UTF-8
      string: |
        {
          "id": "sub_8kmfvvFzSU9PjF",
          "object": "subscription",
          "application_fee_percent": null,
          "cancel_at_period_end": false,
          "canceled_at": null,
          "created": 1467577305,
          "current_period_end": 1470255705,
          "current_period_start": 1467577305,
          "customer": "cus_8kmfu00LcsqQrl",
          "discount": {
            "object": "discount",
            "coupon": {
              "id": "25OFF",
              "object": "coupon",
              "amount_off": null,
              "created": 1410521489,
              "currency": null,
              "duration": "repeating",
              "duration_in_months": 3,
              "livemode": false,
              "max_redemptions": null,
              "metadata": {},
              "percent_off": 25,
              "redeem_by": null,
              "times_redeemed": 108,
              "valid": true
            },
            "customer": "cus_8kmfu00LcsqQrl",
            "end": 1475526105,
            "start": 1467577305,
            "subscription": "sub_8kmfvvFzSU9PjF"
          },
          "ended_at": null,
          "livemode": false,
          "metadata": {},
          "plan": {
            "id": "test",
            "object": "plan",
            "amount": 1499,
            "created": 1406556583,
            "currency": "usd",
            "interval": "month",
            "interval_count": 1,
            "livemode": false,
            "metadata": {},
            "name": "Test Plan",
            "statement_descriptor": null,
            "trial_period_days": null
          },
          "quantity": 1,
          "start": 1467577305,
          "status": "active",
          "tax_percent": 21.0,
          "trial_end": null,
          "trial_start": null
        }
    http_version: 
  recorded_at: Wed, 20 Jan 2016 00:00:00 GMT
- request:
    method: get
    uri: https://api.stripe.com/v1/charges/ch_18TH652nHroS7mLXW8Wt5Kc2
    body:
      encoding: US-ASCII
      string: ''
    headers:
      Accept:
      - "*/*; q=0.5, application/xml"
      Accept-Encoding:
      - gzip, deflate
      User-Agent:
      - Stripe/v1 RubyBindings/1.14.0
      Authorization:
      - "<AUTH>"
      Content-Type:
      - application/x-www-form-urlencoded
      Stripe-Version:
      - '2015-10-16'
      X-Stripe-Client-User-Agent:
      - '{"bindings_version":"1.14.0","lang":"ruby","lang_version":"2.2.3 p173 (2015-08-18)","platform":"x86_64-darwin14","publisher":"stripe","uname":"Darwin
        Mattiass-MacBook-Pro.local 14.5.0 Darwin Kernel Version 14.5.0: Wed Jul 29
        02:26:53 PDT 2015; root:xnu-2782.40.9~1/RELEASE_X86_64 x86_64"}'
  response:
    status:
      code: 200
      message: OK
    headers:
      Server:
      - nginx
      Date:
      - Sun, 03 Jul 2016 20:21:50 GMT
      Content-Type:
      - application/json
      Content-Length:
      - '1526'
      Connection:
      - keep-alive
      Access-Control-Allow-Credentials:
      - 'true'
      Access-Control-Allow-Methods:
      - GET, POST, HEAD, OPTIONS, DELETE
      Access-Control-Allow-Origin:
      - "*"
      Access-Control-Max-Age:
      - '300'
      Cache-Control:
      - no-cache, no-store
      Request-Id:
      - req_8kmfM0bpDq3eYq
      Stripe-Version:
      - '2015-10-16'
      Strict-Transport-Security:
      - max-age=31556926; includeSubDomains
    body:
      encoding: UTF-8
      string: |
        {
          "id": "ch_18TH652nHroS7mLXW8Wt5Kc2",
          "object": "charge",
          "amount": 1360,
          "amount_refunded": 0,
          "application_fee": null,
          "balance_transaction": "txn_18TH652nHroS7mLXmou5C6bX",
          "captured": true,
          "created": 1467577305,
          "currency": "usd",
          "customer": "cus_8kmfu00LcsqQrl",
          "description": null,
          "destination": null,
          "dispute": null,
          "failure_code": null,
          "failure_message": null,
          "fraud_details": {},
          "invoice": "in_18TH652nHroS7mLXJpt5VtMX",
          "livemode": false,
          "metadata": {},
          "order": null,
          "paid": true,
          "receipt_email": null,
          "receipt_number": null,
          "refunded": false,
          "refunds": {
            "object": "list",
            "data": [],
            "has_more": false,
            "total_count": 0,
            "url": "/v1/charges/ch_18TH652nHroS7mLXW8Wt5Kc2/refunds"
          },
          "shipping": null,
          "source": {
            "id": "card_18TH612nHroS7mLXkrZf2lqv",
            "object": "card",
            "address_city": null,
            "address_country": null,
            "address_line1": null,
            "address_line1_check": null,
            "address_line2": null,
            "address_state": null,
            "address_zip": null,
            "address_zip_check": null,
            "brand": "Visa",
            "country": "US",
            "customer": "cus_8kmfu00LcsqQrl",
            "cvc_check": "pass",
            "dynamic_last4": null,
            "exp_month": 12,
            "exp_year": 2030,
            "fingerprint": "0K7oMWAQAFG7TEob",
            "funding": "credit",
            "last4": "4242",
            "metadata": {},
            "name": null,
            "tokenization_method": null
          },
          "source_transfer": null,
          "statement_descriptor": null,
          "status": "succeeded"
        }
    http_version: 
  recorded_at: Wed, 20 Jan 2016 00:00:00 GMT
- request:
    method: get
    uri: https://api.stripe.com/v1/invoices/in_18TH652nHroS7mLXJpt5VtMX
    body:
      encoding: US-ASCII
      string: ''
    headers:
      Accept:
      - "*/*; q=0.5, application/xml"
      Accept-Encoding:
      - gzip, deflate
      User-Agent:
      - Stripe/v1 RubyBindings/1.14.0
      Authorization:
      - "<AUTH>"
      Content-Type:
      - application/x-www-form-urlencoded
      Stripe-Version:
      - '2015-10-16'
      X-Stripe-Client-User-Agent:
      - '{"bindings_version":"1.14.0","lang":"ruby","lang_version":"2.2.3 p173 (2015-08-18)","platform":"x86_64-darwin14","publisher":"stripe","uname":"Darwin
        Mattiass-MacBook-Pro.local 14.5.0 Darwin Kernel Version 14.5.0: Wed Jul 29
        02:26:53 PDT 2015; root:xnu-2782.40.9~1/RELEASE_X86_64 x86_64"}'
  response:
    status:
      code: 200
      message: OK
    headers:
      Server:
      - nginx
      Date:
      - Sun, 03 Jul 2016 20:21:51 GMT
      Content-Type:
      - application/json
      Content-Length:
      - '2306'
      Connection:
      - keep-alive
      Access-Control-Allow-Credentials:
      - 'true'
      Access-Control-Allow-Methods:
      - GET, POST, HEAD, OPTIONS, DELETE
      Access-Control-Allow-Origin:
      - "*"
      Access-Control-Max-Age:
      - '300'
      Cache-Control:
      - no-cache, no-store
      Request-Id:
      - req_8kmfNq0nUu2kW6
      Stripe-Version:
      - '2015-10-16'
      Strict-Transport-Security:
      - max-age=31556926; includeSubDomains
    body:
      encoding: UTF-8
      string: |
        {
          "id": "in_18TH652nHroS7mLXJpt5VtMX",
          "object": "invoice",
          "amount_due": 1360,
          "application_fee": null,
          "attempt_count": 1,
          "attempted": true,
          "charge": "ch_18TH652nHroS7mLXW8Wt5Kc2",
          "closed": true,
          "currency": "usd",
          "customer": "cus_8kmfu00LcsqQrl",
          "date": 1467577305,
          "description": null,
          "discount": {
            "object": "discount",
            "coupon": {
              "id": "25OFF",
              "object": "coupon",
              "amount_off": null,
              "created": 1410521489,
              "currency": null,
              "duration": "repeating",
              "duration_in_months": 3,
              "livemode": false,
              "max_redemptions": null,
              "metadata": {},
              "percent_off": 25,
              "redeem_by": null,
              "times_redeemed": 108,
              "valid": true
            },
            "customer": "cus_8kmfu00LcsqQrl",
            "end": 1475526105,
            "start": 1467577305,
            "subscription": "sub_8kmfvvFzSU9PjF"
          },
          "ending_balance": 0,
          "forgiven": false,
          "lines": {
            "object": "list",
            "data": [
              {
                "id": "sub_8kmfvvFzSU9PjF",
                "object": "line_item",
                "amount": 1499,
                "currency": "usd",
                "description": null,
                "discountable": true,
                "livemode": false,
                "metadata": {},
                "period": {
                  "start": 1467577305,
                  "end": 1470255705
                },
                "plan": {
                  "id": "test",
                  "object": "plan",
                  "amount": 1499,
                  "created": 1406556583,
                  "currency": "usd",
                  "interval": "month",
                  "interval_count": 1,
                  "livemode": false,
                  "metadata": {},
                  "name": "Test Plan",
                  "statement_descriptor": null,
                  "trial_period_days": null
                },
                "proration": false,
                "quantity": 1,
                "subscription": null,
                "type": "subscription"
              }
            ],
            "has_more": false,
            "total_count": 1,
            "url": "/v1/invoices/in_18TH652nHroS7mLXJpt5VtMX/lines"
          },
          "livemode": false,
          "metadata": {},
          "next_payment_attempt": null,
          "paid": true,
          "period_end": 1467577305,
          "period_start": 1467577305,
          "receipt_number": null,
          "starting_balance": 0,
          "statement_descriptor": null,
          "subscription": "sub_8kmfvvFzSU9PjF",
          "subtotal": 1499,
          "tax": 236,
          "tax_percent": 21.0,
          "total": 1360,
          "webhooks_delivered_at": null
        }
    http_version: 
  recorded_at: Wed, 20 Jan 2016 00:00:00 GMT
recorded_with: VCR 2.9.2
