---
http_interactions:
- request:
    method: post
    uri: https://api.stripe.com/v1/customers
    body:
      encoding: US-ASCII
      string: card[number]=4242424242424242&card[exp_month]=12&card[exp_year]=30&card[cvc]=222&metadata[country_code]=US&metadata[vat_registered]=false&metadata[name]=John%20Doe&metadata[vat_number]=NL1234&metadata[address]=Doestreet
    headers:
      Accept:
      - "*/*; q=0.5, application/xml"
      Accept-Encoding:
      - gzip, deflate
      User-Agent:
      - Stripe/v1 RubyBindings/1.14.0
      Authorization:
      - "<AUTH>"
      Content-Type:
      - application/x-www-form-urlencoded
      Stripe-Version:
      - '2015-10-16'
      X-Stripe-Client-User-Agent:
      - '{"bindings_version":"1.14.0","lang":"ruby","lang_version":"2.2.3 p173 (2015-08-18)","platform":"x86_64-darwin14","publisher":"stripe","uname":"Darwin
        Mattiass-MacBook-Pro.local 14.1.1 Darwin Kernel Version 14.1.1: Fri Feb  6
        21:06:10 PST 2015; root:xnu-2782.15.4~1/RELEASE_X86_64 x86_64"}'
      Content-Length:
      - '219'
  response:
    status:
      code: 200
      message: OK
    headers:
      Server:
      - nginx
      Date:
      - Wed, 20 Jan 2016 17:43:45 GMT
      Content-Type:
      - application/json
      Content-Length:
      - '1519'
      Connection:
      - keep-alive
      Access-Control-Allow-Credentials:
      - 'true'
      Access-Control-Allow-Methods:
      - GET, POST, HEAD, OPTIONS, DELETE
      Access-Control-Allow-Origin:
      - "*"
      Access-Control-Max-Age:
      - '300'
      Cache-Control:
      - no-cache, no-store
      Request-Id:
      - req_7kvrp40CQzT0QC
      Stripe-Version:
      - '2015-10-16'
      Strict-Transport-Security:
      - max-age=31556926; includeSubDomains
    body:
      encoding: UTF-8
      string: |
        {
          "id": "cus_7kvru2cwpDNhPb",
          "object": "customer",
          "account_balance": 0,
          "created": 1453311825,
          "currency": null,
          "default_source": "card_17VPzh2nHroS7mLXK26Lkuwm",
          "delinquent": false,
          "description": null,
          "discount": null,
          "email": null,
          "livemode": false,
          "metadata": {
            "country_code": "US",
            "vat_registered": "false",
            "name": "John Doe",
            "vat_number": "NL1234",
            "address": "Doestreet"
          },
          "shipping": null,
          "sources": {
            "object": "list",
            "data": [
              {
                "id": "card_17VPzh2nHroS7mLXK26Lkuwm",
                "object": "card",
                "address_city": null,
                "address_country": null,
                "address_line1": null,
                "address_line1_check": null,
                "address_line2": null,
                "address_state": null,
                "address_zip": null,
                "address_zip_check": null,
                "brand": "Visa",
                "country": "US",
                "customer": "cus_7kvru2cwpDNhPb",
                "cvc_check": "pass",
                "dynamic_last4": null,
                "exp_month": 12,
                "exp_year": 2030,
                "fingerprint": "0K7oMWAQAFG7TEob",
                "funding": "credit",
                "last4": "4242",
                "metadata": {},
                "name": null,
                "tokenization_method": null
              }
            ],
            "has_more": false,
            "total_count": 1,
            "url": "/v1/customers/cus_7kvru2cwpDNhPb/sources"
          },
          "subscriptions": {
            "object": "list",
            "data": [],
            "has_more": false,
            "total_count": 0,
            "url": "/v1/customers/cus_7kvru2cwpDNhPb/subscriptions"
          }
        }
    http_version: 
  recorded_at: Wed, 20 Jan 2016 17:43:48 GMT
- request:
    method: get
    uri: https://api.stripe.com/v1/plans/test
    body:
      encoding: US-ASCII
      string: ''
    headers:
      Accept:
      - "*/*; q=0.5, application/xml"
      Accept-Encoding:
      - gzip, deflate
      User-Agent:
      - Stripe/v1 RubyBindings/1.14.0
      Authorization:
      - "<AUTH>"
      Content-Type:
      - application/x-www-form-urlencoded
      Stripe-Version:
      - '2015-10-16'
      X-Stripe-Client-User-Agent:
      - '{"bindings_version":"1.14.0","lang":"ruby","lang_version":"2.2.3 p173 (2015-08-18)","platform":"x86_64-darwin14","publisher":"stripe","uname":"Darwin
        Mattiass-MacBook-Pro.local 14.1.1 Darwin Kernel Version 14.1.1: Fri Feb  6
        21:06:10 PST 2015; root:xnu-2782.15.4~1/RELEASE_X86_64 x86_64"}'
  response:
    status:
      code: 200
      message: OK
    headers:
      Server:
      - nginx
      Date:
      - Wed, 20 Jan 2016 17:43:46 GMT
      Content-Type:
      - application/json
      Content-Length:
      - '272'
      Connection:
      - keep-alive
      Access-Control-Allow-Credentials:
      - 'true'
      Access-Control-Allow-Methods:
      - GET, POST, HEAD, OPTIONS, DELETE
      Access-Control-Allow-Origin:
      - "*"
      Access-Control-Max-Age:
      - '300'
      Cache-Control:
      - no-cache, no-store
      Request-Id:
      - req_7kvrRHWjbouETT
      Stripe-Version:
      - '2015-10-16'
      Strict-Transport-Security:
      - max-age=31556926; includeSubDomains
    body:
      encoding: UTF-8
      string: |
        {
          "id": "test",
          "object": "plan",
          "amount": 1499,
          "created": 1406556583,
          "currency": "usd",
          "interval": "month",
          "interval_count": 1,
          "livemode": false,
          "metadata": {},
          "name": "Test Plan",
          "statement_descriptor": null,
          "trial_period_days": null
        }
    http_version: 
  recorded_at: Wed, 20 Jan 2016 17:43:49 GMT
- request:
    method: get
    uri: https://api.stripe.com/v1/customers/cus_7kvru2cwpDNhPb
    body:
      encoding: US-ASCII
      string: ''
    headers:
      Accept:
      - "*/*; q=0.5, application/xml"
      Accept-Encoding:
      - gzip, deflate
      User-Agent:
      - Stripe/v1 RubyBindings/1.14.0
      Authorization:
      - "<AUTH>"
      Content-Type:
      - application/x-www-form-urlencoded
      Stripe-Version:
      - '2015-10-16'
      X-Stripe-Client-User-Agent:
      - '{"bindings_version":"1.14.0","lang":"ruby","lang_version":"2.2.3 p173 (2015-08-18)","platform":"x86_64-darwin14","publisher":"stripe","uname":"Darwin
        Mattiass-MacBook-Pro.local 14.1.1 Darwin Kernel Version 14.1.1: Fri Feb  6
        21:06:10 PST 2015; root:xnu-2782.15.4~1/RELEASE_X86_64 x86_64"}'
  response:
    status:
      code: 200
      message: OK
    headers:
      Server:
      - nginx
      Date:
      - Wed, 20 Jan 2016 17:43:47 GMT
      Content-Type:
      - application/json
      Content-Length:
      - '1519'
      Connection:
      - keep-alive
      Access-Control-Allow-Credentials:
      - 'true'
      Access-Control-Allow-Methods:
      - GET, POST, HEAD, OPTIONS, DELETE
      Access-Control-Allow-Origin:
      - "*"
      Access-Control-Max-Age:
      - '300'
      Cache-Control:
      - no-cache, no-store
      Request-Id:
      - req_7kvrEh35Jhmtsk
      Stripe-Version:
      - '2015-10-16'
      Strict-Transport-Security:
      - max-age=31556926; includeSubDomains
    body:
      encoding: UTF-8
      string: |
        {
          "id": "cus_7kvru2cwpDNhPb",
          "object": "customer",
          "account_balance": 0,
          "created": 1453311825,
          "currency": null,
          "default_source": "card_17VPzh2nHroS7mLXK26Lkuwm",
          "delinquent": false,
          "description": null,
          "discount": null,
          "email": null,
          "livemode": false,
          "metadata": {
            "country_code": "US",
            "vat_registered": "false",
            "name": "John Doe",
            "vat_number": "NL1234",
            "address": "Doestreet"
          },
          "shipping": null,
          "sources": {
            "object": "list",
            "data": [
              {
                "id": "card_17VPzh2nHroS7mLXK26Lkuwm",
                "object": "card",
                "address_city": null,
                "address_country": null,
                "address_line1": null,
                "address_line1_check": null,
                "address_line2": null,
                "address_state": null,
                "address_zip": null,
                "address_zip_check": null,
                "brand": "Visa",
                "country": "US",
                "customer": "cus_7kvru2cwpDNhPb",
                "cvc_check": "pass",
                "dynamic_last4": null,
                "exp_month": 12,
                "exp_year": 2030,
                "fingerprint": "0K7oMWAQAFG7TEob",
                "funding": "credit",
                "last4": "4242",
                "metadata": {},
                "name": null,
                "tokenization_method": null
              }
            ],
            "has_more": false,
            "total_count": 1,
            "url": "/v1/customers/cus_7kvru2cwpDNhPb/sources"
          },
          "subscriptions": {
            "object": "list",
            "data": [],
            "has_more": false,
            "total_count": 0,
            "url": "/v1/customers/cus_7kvru2cwpDNhPb/subscriptions"
          }
        }
    http_version: 
  recorded_at: Wed, 20 Jan 2016 17:43:50 GMT
- request:
    method: post
    uri: https://api.stripe.com/v1/customers/cus_7kvru2cwpDNhPb/subscriptions
    body:
      encoding: US-ASCII
      string: tax_percent=0&plan=test
    headers:
      Accept:
      - "*/*; q=0.5, application/xml"
      Accept-Encoding:
      - gzip, deflate
      User-Agent:
      - Stripe/v1 RubyBindings/1.14.0
      Authorization:
      - "<AUTH>"
      Content-Type:
      - application/x-www-form-urlencoded
      Stripe-Version:
      - '2015-10-16'
      X-Stripe-Client-User-Agent:
      - '{"bindings_version":"1.14.0","lang":"ruby","lang_version":"2.2.3 p173 (2015-08-18)","platform":"x86_64-darwin14","publisher":"stripe","uname":"Darwin
        Mattiass-MacBook-Pro.local 14.1.1 Darwin Kernel Version 14.1.1: Fri Feb  6
        21:06:10 PST 2015; root:xnu-2782.15.4~1/RELEASE_X86_64 x86_64"}'
      Content-Length:
      - '23'
  response:
    status:
      code: 200
      message: OK
    headers:
      Server:
      - nginx
      Date:
      - Wed, 20 Jan 2016 17:43:50 GMT
      Content-Type:
      - application/json
      Content-Length:
      - '757'
      Connection:
      - keep-alive
      Access-Control-Allow-Credentials:
      - 'true'
      Access-Control-Allow-Methods:
      - GET, POST, HEAD, OPTIONS, DELETE
      Access-Control-Allow-Origin:
      - "*"
      Access-Control-Max-Age:
      - '300'
      Cache-Control:
      - no-cache, no-store
      Request-Id:
      - req_7kvrKo5Vhz0Nza
      Stripe-Version:
      - '2015-10-16'
      Strict-Transport-Security:
      - max-age=31556926; includeSubDomains
    body:
      encoding: UTF-8
      string: |
        {
          "id": "sub_7kvrCevpI6jajb",
          "object": "subscription",
          "application_fee_percent": null,
          "cancel_at_period_end": false,
          "canceled_at": null,
          "current_period_end": 1455990228,
          "current_period_start": 1453311828,
          "customer": "cus_7kvru2cwpDNhPb",
          "discount": null,
          "ended_at": null,
          "metadata": {},
          "plan": {
            "id": "test",
            "object": "plan",
            "amount": 1499,
            "created": 1406556583,
            "currency": "usd",
            "interval": "month",
            "interval_count": 1,
            "livemode": false,
            "metadata": {},
            "name": "Test Plan",
            "statement_descriptor": null,
            "trial_period_days": null
          },
          "quantity": 1,
          "start": 1453311828,
          "status": "active",
          "tax_percent": 0.0,
          "trial_end": null,
          "trial_start": null
        }
    http_version: 
  recorded_at: Wed, 20 Jan 2016 17:43:53 GMT
- request:
    method: get
    uri: https://api.stripe.com/v1/invoices?customer=cus_7kvru2cwpDNhPb
    body:
      encoding: US-ASCII
      string: ''
    headers:
      Accept:
      - "*/*; q=0.5, application/xml"
      Accept-Encoding:
      - gzip, deflate
      User-Agent:
      - Stripe/v1 RubyBindings/1.14.0
      Authorization:
      - "<AUTH>"
      Content-Type:
      - application/x-www-form-urlencoded
      Stripe-Version:
      - '2015-10-16'
      X-Stripe-Client-User-Agent:
      - '{"bindings_version":"1.14.0","lang":"ruby","lang_version":"2.2.3 p173 (2015-08-18)","platform":"x86_64-darwin14","publisher":"stripe","uname":"Darwin
        Mattiass-MacBook-Pro.local 14.1.1 Darwin Kernel Version 14.1.1: Fri Feb  6
        21:06:10 PST 2015; root:xnu-2782.15.4~1/RELEASE_X86_64 x86_64"}'
  response:
    status:
      code: 200
      message: OK
    headers:
      Server:
      - nginx
      Date:
      - Wed, 20 Jan 2016 17:43:51 GMT
      Content-Type:
      - application/json
      Content-Length:
      - '2135'
      Connection:
      - keep-alive
      Access-Control-Allow-Credentials:
      - 'true'
      Access-Control-Allow-Methods:
      - GET, POST, HEAD, OPTIONS, DELETE
      Access-Control-Allow-Origin:
      - "*"
      Access-Control-Max-Age:
      - '300'
      Cache-Control:
      - no-cache, no-store
      Request-Id:
      - req_7kvrteGcghXz6D
      Stripe-Version:
      - '2015-10-16'
      Strict-Transport-Security:
      - max-age=31556926; includeSubDomains
    body:
      encoding: UTF-8
      string: |
        {
          "object": "list",
          "data": [
            {
              "id": "in_17VPzk2nHroS7mLXQ6mVI5uN",
              "object": "invoice",
              "amount_due": 1499,
              "application_fee": null,
              "attempt_count": 1,
              "attempted": true,
              "charge": "ch_17VPzk2nHroS7mLXhotGPbbR",
              "closed": true,
              "currency": "usd",
              "customer": "cus_7kvru2cwpDNhPb",
              "date": 1453311828,
              "description": null,
              "discount": null,
              "ending_balance": 0,
              "forgiven": false,
              "lines": {
                "object": "list",
                "data": [
                  {
                    "id": "sub_7kvrCevpI6jajb",
                    "object": "line_item",
                    "amount": 1499,
                    "currency": "usd",
                    "description": null,
                    "discountable": true,
                    "livemode": false,
                    "metadata": {},
                    "period": {
                      "start": 1453311828,
                      "end": 1455990228
                    },
                    "plan": {
                      "id": "test",
                      "object": "plan",
                      "amount": 1499,
                      "created": 1406556583,
                      "currency": "usd",
                      "interval": "month",
                      "interval_count": 1,
                      "livemode": false,
                      "metadata": {},
                      "name": "Test Plan",
                      "statement_descriptor": null,
                      "trial_period_days": null
                    },
                    "proration": false,
                    "quantity": 1,
                    "subscription": null,
                    "type": "subscription"
                  }
                ],
                "has_more": false,
                "total_count": 1,
                "url": "/v1/invoices/in_17VPzk2nHroS7mLXQ6mVI5uN/lines"
              },
              "livemode": false,
              "metadata": {},
              "next_payment_attempt": null,
              "paid": true,
              "period_end": 1453311828,
              "period_start": 1453311828,
              "receipt_number": null,
              "starting_balance": 0,
              "statement_descriptor": null,
              "subscription": "sub_7kvrCevpI6jajb",
              "subtotal": 1499,
              "tax": 0,
              "tax_percent": 0.0,
              "total": 1499,
              "webhooks_delivered_at": null
            }
          ],
          "has_more": false,
          "url": "/v1/invoices"
        }
    http_version: 
  recorded_at: Wed, 20 Jan 2016 17:43:53 GMT
- request:
    method: get
    uri: https://api.stripe.com/v1/invoices/in_17VPzk2nHroS7mLXQ6mVI5uN
    body:
      encoding: US-ASCII
      string: ''
    headers:
      Accept:
      - "*/*; q=0.5, application/xml"
      Accept-Encoding:
      - gzip, deflate
      User-Agent:
      - Stripe/v1 RubyBindings/1.14.0
      Authorization:
      - "<AUTH>"
      Content-Type:
      - application/x-www-form-urlencoded
      Stripe-Version:
      - '2015-10-16'
      X-Stripe-Client-User-Agent:
      - '{"bindings_version":"1.14.0","lang":"ruby","lang_version":"2.2.3 p173 (2015-08-18)","platform":"x86_64-darwin14","publisher":"stripe","uname":"Darwin
        Mattiass-MacBook-Pro.local 14.1.1 Darwin Kernel Version 14.1.1: Fri Feb  6
        21:06:10 PST 2015; root:xnu-2782.15.4~1/RELEASE_X86_64 x86_64"}'
  response:
    status:
      code: 200
      message: OK
    headers:
      Server:
      - nginx
      Date:
      - Wed, 20 Jan 2016 17:43:51 GMT
      Content-Type:
      - application/json
      Content-Length:
      - '1761'
      Connection:
      - keep-alive
      Access-Control-Allow-Credentials:
      - 'true'
      Access-Control-Allow-Methods:
      - GET, POST, HEAD, OPTIONS, DELETE
      Access-Control-Allow-Origin:
      - "*"
      Access-Control-Max-Age:
      - '300'
      Cache-Control:
      - no-cache, no-store
      Request-Id:
      - req_7kvrbnQe2JrqhZ
      Stripe-Version:
      - '2015-10-16'
      Strict-Transport-Security:
      - max-age=31556926; includeSubDomains
    body:
      encoding: UTF-8
      string: |
        {
          "id": "in_17VPzk2nHroS7mLXQ6mVI5uN",
          "object": "invoice",
          "amount_due": 1499,
          "application_fee": null,
          "attempt_count": 1,
          "attempted": true,
          "charge": "ch_17VPzk2nHroS7mLXhotGPbbR",
          "closed": true,
          "currency": "usd",
          "customer": "cus_7kvru2cwpDNhPb",
          "date": 1453311828,
          "description": null,
          "discount": null,
          "ending_balance": 0,
          "forgiven": false,
          "lines": {
            "object": "list",
            "data": [
              {
                "id": "sub_7kvrCevpI6jajb",
                "object": "line_item",
                "amount": 1499,
                "currency": "usd",
                "description": null,
                "discountable": true,
                "livemode": false,
                "metadata": {},
                "period": {
                  "start": 1453311828,
                  "end": 1455990228
                },
                "plan": {
                  "id": "test",
                  "object": "plan",
                  "amount": 1499,
                  "created": 1406556583,
                  "currency": "usd",
                  "interval": "month",
                  "interval_count": 1,
                  "livemode": false,
                  "metadata": {},
                  "name": "Test Plan",
                  "statement_descriptor": null,
                  "trial_period_days": null
                },
                "proration": false,
                "quantity": 1,
                "subscription": null,
                "type": "subscription"
              }
            ],
            "has_more": false,
            "total_count": 1,
            "url": "/v1/invoices/in_17VPzk2nHroS7mLXQ6mVI5uN/lines"
          },
          "livemode": false,
          "metadata": {},
          "next_payment_attempt": null,
          "paid": true,
          "period_end": 1453311828,
          "period_start": 1453311828,
          "receipt_number": null,
          "starting_balance": 0,
          "statement_descriptor": null,
          "subscription": "sub_7kvrCevpI6jajb",
          "subtotal": 1499,
          "tax": 0,
          "tax_percent": 0.0,
          "total": 1499,
          "webhooks_delivered_at": null
        }
    http_version: 
  recorded_at: Wed, 20 Jan 2016 17:43:54 GMT
- request:
    method: get
    uri: https://api.stripe.com/v1/charges/ch_17VPzk2nHroS7mLXhotGPbbR
    body:
      encoding: US-ASCII
      string: ''
    headers:
      Accept:
      - "*/*; q=0.5, application/xml"
      Accept-Encoding:
      - gzip, deflate
      User-Agent:
      - Stripe/v1 RubyBindings/1.14.0
      Authorization:
      - "<AUTH>"
      Content-Type:
      - application/x-www-form-urlencoded
      Stripe-Version:
      - '2015-10-16'
      X-Stripe-Client-User-Agent:
      - '{"bindings_version":"1.14.0","lang":"ruby","lang_version":"2.2.3 p173 (2015-08-18)","platform":"x86_64-darwin14","publisher":"stripe","uname":"Darwin
        Mattiass-MacBook-Pro.local 14.1.1 Darwin Kernel Version 14.1.1: Fri Feb  6
        21:06:10 PST 2015; root:xnu-2782.15.4~1/RELEASE_X86_64 x86_64"}'
  response:
    status:
      code: 200
      message: OK
    headers:
      Server:
      - nginx
      Date:
      - Wed, 20 Jan 2016 17:43:52 GMT
      Content-Type:
      - application/json
      Content-Length:
      - '1499'
      Connection:
      - keep-alive
      Access-Control-Allow-Credentials:
      - 'true'
      Access-Control-Allow-Methods:
      - GET, POST, HEAD, OPTIONS, DELETE
      Access-Control-Allow-Origin:
      - "*"
      Access-Control-Max-Age:
      - '300'
      Cache-Control:
      - no-cache, no-store
      Request-Id:
      - req_7kvreIsqGM6Exf
      Stripe-Version:
      - '2015-10-16'
      Strict-Transport-Security:
      - max-age=31556926; includeSubDomains
    body:
      encoding: UTF-8
      string: |
        {
          "id": "ch_17VPzk2nHroS7mLXhotGPbbR",
          "object": "charge",
          "amount": 1499,
          "amount_refunded": 0,
          "application_fee": null,
          "balance_transaction": "txn_17VPzk2nHroS7mLXlZBMfcsW",
          "captured": true,
          "created": 1453311828,
          "currency": "usd",
          "customer": "cus_7kvru2cwpDNhPb",
          "description": null,
          "destination": null,
          "dispute": null,
          "failure_code": null,
          "failure_message": null,
          "fraud_details": {},
          "invoice": "in_17VPzk2nHroS7mLXQ6mVI5uN",
          "livemode": false,
          "metadata": {},
          "order": null,
          "paid": true,
          "receipt_email": null,
          "receipt_number": null,
          "refunded": false,
          "refunds": {
            "object": "list",
            "data": [],
            "has_more": false,
            "total_count": 0,
            "url": "/v1/charges/ch_17VPzk2nHroS7mLXhotGPbbR/refunds"
          },
          "shipping": null,
          "source": {
            "id": "card_17VPzh2nHroS7mLXK26Lkuwm",
            "object": "card",
            "address_city": null,
            "address_country": null,
            "address_line1": null,
            "address_line1_check": null,
            "address_line2": null,
            "address_state": null,
            "address_zip": null,
            "address_zip_check": null,
            "brand": "Visa",
            "country": "US",
            "customer": "cus_7kvru2cwpDNhPb",
            "cvc_check": "pass",
            "dynamic_last4": null,
            "exp_month": 12,
            "exp_year": 2030,
            "fingerprint": "0K7oMWAQAFG7TEob",
            "funding": "credit",
            "last4": "4242",
            "metadata": {},
            "name": null,
            "tokenization_method": null
          },
          "statement_descriptor": null,
          "status": "succeeded"
        }
    http_version: 
  recorded_at: Wed, 20 Jan 2016 17:43:55 GMT
- request:
    method: get
    uri: https://api.stripe.com/v1/charges/ch_17VPzk2nHroS7mLXhotGPbbR
    body:
      encoding: US-ASCII
      string: ''
    headers:
      Accept:
      - "*/*; q=0.5, application/xml"
      Accept-Encoding:
      - gzip, deflate
      User-Agent:
      - Stripe/v1 RubyBindings/1.14.0
      Authorization:
      - "<AUTH>"
      Content-Type:
      - application/x-www-form-urlencoded
      Stripe-Version:
      - '2015-10-16'
      X-Stripe-Client-User-Agent:
      - '{"bindings_version":"1.14.0","lang":"ruby","lang_version":"2.2.3 p173 (2015-08-18)","platform":"x86_64-darwin14","publisher":"stripe","uname":"Darwin
        Mattiass-MacBook-Pro.local 14.1.1 Darwin Kernel Version 14.1.1: Fri Feb  6
        21:06:10 PST 2015; root:xnu-2782.15.4~1/RELEASE_X86_64 x86_64"}'
  response:
    status:
      code: 200
      message: OK
    headers:
      Server:
      - nginx
      Date:
      - Wed, 20 Jan 2016 17:43:53 GMT
      Content-Type:
      - application/json
      Content-Length:
      - '1499'
      Connection:
      - keep-alive
      Access-Control-Allow-Credentials:
      - 'true'
      Access-Control-Allow-Methods:
      - GET, POST, HEAD, OPTIONS, DELETE
      Access-Control-Allow-Origin:
      - "*"
      Access-Control-Max-Age:
      - '300'
      Cache-Control:
      - no-cache, no-store
      Request-Id:
      - req_7kvrDPEq5DKO2p
      Stripe-Version:
      - '2015-10-16'
      Strict-Transport-Security:
      - max-age=31556926; includeSubDomains
    body:
      encoding: UTF-8
      string: |
        {
          "id": "ch_17VPzk2nHroS7mLXhotGPbbR",
          "object": "charge",
          "amount": 1499,
          "amount_refunded": 0,
          "application_fee": null,
          "balance_transaction": "txn_17VPzk2nHroS7mLXlZBMfcsW",
          "captured": true,
          "created": 1453311828,
          "currency": "usd",
          "customer": "cus_7kvru2cwpDNhPb",
          "description": null,
          "destination": null,
          "dispute": null,
          "failure_code": null,
          "failure_message": null,
          "fraud_details": {},
          "invoice": "in_17VPzk2nHroS7mLXQ6mVI5uN",
          "livemode": false,
          "metadata": {},
          "order": null,
          "paid": true,
          "receipt_email": null,
          "receipt_number": null,
          "refunded": false,
          "refunds": {
            "object": "list",
            "data": [],
            "has_more": false,
            "total_count": 0,
            "url": "/v1/charges/ch_17VPzk2nHroS7mLXhotGPbbR/refunds"
          },
          "shipping": null,
          "source": {
            "id": "card_17VPzh2nHroS7mLXK26Lkuwm",
            "object": "card",
            "address_city": null,
            "address_country": null,
            "address_line1": null,
            "address_line1_check": null,
            "address_line2": null,
            "address_state": null,
            "address_zip": null,
            "address_zip_check": null,
            "brand": "Visa",
            "country": "US",
            "customer": "cus_7kvru2cwpDNhPb",
            "cvc_check": "pass",
            "dynamic_last4": null,
            "exp_month": 12,
            "exp_year": 2030,
            "fingerprint": "0K7oMWAQAFG7TEob",
            "funding": "credit",
            "last4": "4242",
            "metadata": {},
            "name": null,
            "tokenization_method": null
          },
          "statement_descriptor": null,
          "status": "succeeded"
        }
    http_version: 
  recorded_at: Wed, 20 Jan 2016 17:43:56 GMT
- request:
    method: post
    uri: https://api.stripe.com/v1/charges/ch_17VPzk2nHroS7mLXhotGPbbR/refund
    body:
      encoding: ASCII-8BIT
      string: ''
    headers:
      Accept:
      - "*/*; q=0.5, application/xml"
      Accept-Encoding:
      - gzip, deflate
      User-Agent:
      - Stripe/v1 RubyBindings/1.14.0
      Authorization:
      - "<AUTH>"
      Content-Type:
      - application/x-www-form-urlencoded
      Stripe-Version:
      - '2015-10-16'
      X-Stripe-Client-User-Agent:
      - '{"bindings_version":"1.14.0","lang":"ruby","lang_version":"2.2.3 p173 (2015-08-18)","platform":"x86_64-darwin14","publisher":"stripe","uname":"Darwin
        Mattiass-MacBook-Pro.local 14.1.1 Darwin Kernel Version 14.1.1: Fri Feb  6
        21:06:10 PST 2015; root:xnu-2782.15.4~1/RELEASE_X86_64 x86_64"}'
      Content-Length:
      - '0'
  response:
    status:
      code: 200
      message: OK
    headers:
      Server:
      - nginx
      Date:
      - Wed, 20 Jan 2016 17:43:54 GMT
      Content-Type:
      - application/json
      Content-Length:
      - '1868'
      Connection:
      - keep-alive
      Access-Control-Allow-Credentials:
      - 'true'
      Access-Control-Allow-Methods:
      - GET, POST, HEAD, OPTIONS, DELETE
      Access-Control-Allow-Origin:
      - "*"
      Access-Control-Max-Age:
      - '300'
      Cache-Control:
      - no-cache, no-store
      Request-Id:
      - req_7kvrV8Bei7EKiE
      Stripe-Version:
      - '2015-10-16'
      Strict-Transport-Security:
      - max-age=31556926; includeSubDomains
    body:
      encoding: UTF-8
      string: |
        {
          "id": "ch_17VPzk2nHroS7mLXhotGPbbR",
          "object": "charge",
          "amount": 1499,
          "amount_refunded": 1499,
          "application_fee": null,
          "balance_transaction": "txn_17VPzk2nHroS7mLXlZBMfcsW",
          "captured": true,
          "created": 1453311828,
          "currency": "usd",
          "customer": "cus_7kvru2cwpDNhPb",
          "description": null,
          "destination": null,
          "dispute": null,
          "failure_code": null,
          "failure_message": null,
          "fraud_details": {},
          "invoice": "in_17VPzk2nHroS7mLXQ6mVI5uN",
          "livemode": false,
          "metadata": {},
          "order": null,
          "paid": true,
          "receipt_email": null,
          "receipt_number": null,
          "refunded": true,
          "refunds": {
            "object": "list",
            "data": [
              {
                "id": "re_17VPzq2nHroS7mLXFUxezlUg",
                "object": "refund",
                "amount": 1499,
                "balance_transaction": "txn_17VPzq2nHroS7mLXHQP3RPIs",
                "charge": "ch_17VPzk2nHroS7mLXhotGPbbR",
                "created": 1453311834,
                "currency": "usd",
                "metadata": {},
                "reason": null,
                "receipt_number": null
              }
            ],
            "has_more": false,
            "total_count": 1,
            "url": "/v1/charges/ch_17VPzk2nHroS7mLXhotGPbbR/refunds"
          },
          "shipping": null,
          "source": {
            "id": "card_17VPzh2nHroS7mLXK26Lkuwm",
            "object": "card",
            "address_city": null,
            "address_country": null,
            "address_line1": null,
            "address_line1_check": null,
            "address_line2": null,
            "address_state": null,
            "address_zip": null,
            "address_zip_check": null,
            "brand": "Visa",
            "country": "US",
            "customer": "cus_7kvru2cwpDNhPb",
            "cvc_check": "pass",
            "dynamic_last4": null,
            "exp_month": 12,
            "exp_year": 2030,
            "fingerprint": "0K7oMWAQAFG7TEob",
            "funding": "credit",
            "last4": "4242",
            "metadata": {},
            "name": null,
            "tokenization_method": null
          },
          "statement_descriptor": null,
          "status": "succeeded"
        }
    http_version: 
  recorded_at: Wed, 20 Jan 2016 17:43:57 GMT
- request:
    method: get
    uri: https://api.stripe.com/v1/invoices/in_17VPzk2nHroS7mLXQ6mVI5uN
    body:
      encoding: US-ASCII
      string: ''
    headers:
      Accept:
      - "*/*; q=0.5, application/xml"
      Accept-Encoding:
      - gzip, deflate
      User-Agent:
      - Stripe/v1 RubyBindings/1.14.0
      Authorization:
      - "<AUTH>"
      Content-Type:
      - application/x-www-form-urlencoded
      Stripe-Version:
      - '2015-10-16'
      X-Stripe-Client-User-Agent:
      - '{"bindings_version":"1.14.0","lang":"ruby","lang_version":"2.2.3 p173 (2015-08-18)","platform":"x86_64-darwin14","publisher":"stripe","uname":"Darwin
        Mattiass-MacBook-Pro.local 14.1.1 Darwin Kernel Version 14.1.1: Fri Feb  6
        21:06:10 PST 2015; root:xnu-2782.15.4~1/RELEASE_X86_64 x86_64"}'
  response:
    status:
      code: 200
      message: OK
    headers:
      Server:
      - nginx
      Date:
      - Wed, 20 Jan 2016 17:43:55 GMT
      Content-Type:
      - application/json
      Content-Length:
      - '1761'
      Connection:
      - keep-alive
      Access-Control-Allow-Credentials:
      - 'true'
      Access-Control-Allow-Methods:
      - GET, POST, HEAD, OPTIONS, DELETE
      Access-Control-Allow-Origin:
      - "*"
      Access-Control-Max-Age:
      - '300'
      Cache-Control:
      - no-cache, no-store
      Request-Id:
      - req_7kvrVjfkXed53a
      Stripe-Version:
      - '2015-10-16'
      Strict-Transport-Security:
      - max-age=31556926; includeSubDomains
    body:
      encoding: UTF-8
      string: |
        {
          "id": "in_17VPzk2nHroS7mLXQ6mVI5uN",
          "object": "invoice",
          "amount_due": 1499,
          "application_fee": null,
          "attempt_count": 1,
          "attempted": true,
          "charge": "ch_17VPzk2nHroS7mLXhotGPbbR",
          "closed": true,
          "currency": "usd",
          "customer": "cus_7kvru2cwpDNhPb",
          "date": 1453311828,
          "description": null,
          "discount": null,
          "ending_balance": 0,
          "forgiven": false,
          "lines": {
            "object": "list",
            "data": [
              {
                "id": "sub_7kvrCevpI6jajb",
                "object": "line_item",
                "amount": 1499,
                "currency": "usd",
                "description": null,
                "discountable": true,
                "livemode": false,
                "metadata": {},
                "period": {
                  "start": 1453311828,
                  "end": 1455990228
                },
                "plan": {
                  "id": "test",
                  "object": "plan",
                  "amount": 1499,
                  "created": 1406556583,
                  "currency": "usd",
                  "interval": "month",
                  "interval_count": 1,
                  "livemode": false,
                  "metadata": {},
                  "name": "Test Plan",
                  "statement_descriptor": null,
                  "trial_period_days": null
                },
                "proration": false,
                "quantity": 1,
                "subscription": null,
                "type": "subscription"
              }
            ],
            "has_more": false,
            "total_count": 1,
            "url": "/v1/invoices/in_17VPzk2nHroS7mLXQ6mVI5uN/lines"
          },
          "livemode": false,
          "metadata": {},
          "next_payment_attempt": null,
          "paid": true,
          "period_end": 1453311828,
          "period_start": 1453311828,
          "receipt_number": null,
          "starting_balance": 0,
          "statement_descriptor": null,
          "subscription": "sub_7kvrCevpI6jajb",
          "subtotal": 1499,
          "tax": 0,
          "tax_percent": 0.0,
          "total": 1499,
          "webhooks_delivered_at": null
        }
    http_version: 
  recorded_at: Wed, 20 Jan 2016 17:43:58 GMT
recorded_with: VCR 2.9.2
